 modbus

 Timestamp is 57aea8fb (Sat Aug 13 07:58:35 2016)

 Preferred load address is 10000000

 Start         Length     Name                   Class
 0001:00000000 0007abf0H .text$mn                CODE
 0001:0007abf0 000000abH .text$x                 CODE
 0002:00000000 000001e0H .idata$5                DATA
 0002:000001e0 00000004H .00cfg                  DATA
 0002:000001e4 00000004H .CRT$XCA                DATA
 0002:000001e8 00000004H .CRT$XCZ                DATA
 0002:000001ec 00000004H .CRT$XIA                DATA
 0002:000001f0 0000000cH .CRT$XIC                DATA
 0002:000001fc 00000004H .CRT$XIZ                DATA
 0002:00000200 00000004H .CRT$XPA                DATA
 0002:00000204 00000008H .CRT$XPX                DATA
 0002:0000020c 00000004H .CRT$XPXA               DATA
 0002:00000210 00000004H .CRT$XPZ                DATA
 0002:00000214 00000004H .CRT$XTA                DATA
 0002:00000218 00000008H .CRT$XTZ                DATA
 0002:00000220 0001ca04H .rdata                  DATA
 0002:0001cc24 000002acH .rdata$r                DATA
 0002:0001ced0 00000024H .rdata$sxdata           DATA
 0002:0001cef4 00000354H .rdata$zzzdbg           DATA
 0002:0001d248 00000004H .rtc$IAA                DATA
 0002:0001d24c 00000010H .rtc$IMZ                DATA
 0002:0001d25c 00000004H .rtc$IZZ                DATA
 0002:0001d260 00000004H .rtc$TAA                DATA
 0002:0001d264 00000010H .rtc$TMZ                DATA
 0002:0001d274 00000004H .rtc$TZZ                DATA
 0002:0001d278 00000ba8H .xdata$x                DATA
 0002:0001de20 000007b0H .edata                  DATA
 0002:0001e5d0 00000028H .idata$2                DATA
 0002:0001e5f8 00000014H .idata$3                DATA
 0002:0001e60c 000001e0H .idata$4                DATA
 0002:0001e7ec 00000730H .idata$6                DATA
 0003:00000000 00001650H .data                   DATA
 0003:00001650 00000110H .data$r                 DATA
 0003:00001760 00001760H .bss                    DATA
 0004:00000000 000000d4H .gfids$x                DATA
 0004:000000d4 0000009cH .gfids$y                DATA
 0005:00000000 000000a0H .rsrc$01                DATA
 0005:000000a0 000003f0H .rsrc$02                DATA

  Address         Publics by Value              Rva+Base       Lib:Object

 0000:00000000       __except_list              00000000     <absolute>
 0000:00000000       ___guard_fids_count        00000000     <absolute>
 0000:00000000       ___guard_longjmp_table     00000000     <absolute>
 0000:00000000       ___guard_fids_table        00000000     <absolute>
 0000:00000000       ___guard_iat_table         00000000     <absolute>
 0000:00000000       ___dynamic_value_reloc_table 00000000     <absolute>
 0000:00000000       ___guard_longjmp_count     00000000     <absolute>
 0000:00000000       ___guard_iat_count         00000000     <absolute>
 0000:00000009       ___safe_se_handler_count   00000009     <absolute>
 0000:00000100       ___guard_flags             00000100     <absolute>
 0000:00000000       ___ImageBase               10000000     <linker-defined>
 0001:00000000       _modbus_set_bits_from_byte 10001000 f   modbus-data.obj
 0001:00000060       _modbus_set_bits_from_bytes 10001060 f   modbus-data.obj
 0001:000000f0       _modbus_get_byte_from_bits 100010f0 f   modbus-data.obj
 0001:00000160       _modbus_get_float          10001160 f   modbus-data.obj
 0001:000001a0       _modbus_get_float_abcd     100011a0 f   modbus-data.obj
 0001:000001e0       _modbus_get_float_dcba     100011e0 f   modbus-data.obj
 0001:00000230       _modbus_get_float_badc     10001230 f   modbus-data.obj
 0001:00000280       _modbus_get_float_cdab     10001280 f   modbus-data.obj
 0001:000002c0       _modbus_set_float          100012c0 f   modbus-data.obj
 0001:00000300       _modbus_set_float_abcd     10001300 f   modbus-data.obj
 0001:00000350       _modbus_set_float_dcba     10001350 f   modbus-data.obj
 0001:000003a0       _modbus_set_float_badc     100013a0 f   modbus-data.obj
 0001:000003f0       _modbus_set_float_cdab     100013f0 f   modbus-data.obj
 0001:00000440       _modbus_new_rtu            10001440 f   modbus-rtu.obj
 0001:000005f0       _modbus_rtu_set_serial_mode 100015f0 f   modbus-rtu.obj
 0001:00000660       _modbus_rtu_get_serial_mode 10001660 f   modbus-rtu.obj
 0001:000006d0       _modbus_rtu_set_rts        100016d0 f   modbus-rtu.obj
 0001:00000740       _modbus_rtu_get_rts        10001740 f   modbus-rtu.obj
 0001:000007b0       _modbus_rtu_set_custom_rts 100017b0 f   modbus-rtu.obj
 0001:00000820       _modbus_rtu_set_rts_delay  10001820 f   modbus-rtu.obj
 0001:00000890       _modbus_rtu_get_rts_delay  10001890 f   modbus-rtu.obj
 0001:00001560       ___local_stdio_printf_options 10002560 f i modbus-rtu.obj
 0001:00001570       __vfprintf_l               10002570 f i modbus-rtu.obj
 0001:000015a0       _fprintf                   100025a0 f i modbus-rtu.obj
 0001:000015e0       _printf                    100025e0 f i modbus-rtu.obj
 0001:00001620       _modbus_new_tcp            10002620 f   modbus-tcp.obj
 0001:00001740       _modbus_tcp_listen         10002740 f   modbus-tcp.obj
 0001:00001890       _modbus_tcp_accept         10002890 f   modbus-tcp.obj
 0001:00001920       _modbus_new_tcp_pi         10002920 f   modbus-tcp.obj
 0001:00001b40       _modbus_tcp_pi_listen      10002b40 f   modbus-tcp.obj
 0001:00001de0       _modbus_tcp_pi_accept      10002de0 f   modbus-tcp.obj
 0001:00002a90       _gai_strerrorA             10003a90 f i modbus-tcp.obj
 0001:00002ad0       _modbus_set_slave          10003ad0 f   modbus.obj
 0001:00002b10       _modbus_set_error_recovery 10003b10 f   modbus.obj
 0001:00002b40       _modbus_set_socket         10003b40 f   modbus.obj
 0001:00002b70       _modbus_get_socket         10003b70 f   modbus.obj
 0001:00002ba0       _modbus_get_response_timeout 10003ba0 f   modbus.obj
 0001:00002be0       _modbus_set_response_timeout 10003be0 f   modbus.obj
 0001:00002c30       _modbus_get_byte_timeout   10003c30 f   modbus.obj
 0001:00002c70       _modbus_set_byte_timeout   10003c70 f   modbus.obj
 0001:00002cb0       _modbus_get_header_length  10003cb0 f   modbus.obj
 0001:00002ce0       _modbus_connect            10003ce0 f   modbus.obj
 0001:00002d10       _modbus_close              10003d10 f   modbus.obj
 0001:00002d30       _modbus_free               10003d30 f   modbus.obj
 0001:00002d50       _modbus_flush              10003d50 f   modbus.obj
 0001:00002db0       _modbus_set_debug          10003db0 f   modbus.obj
 0001:00002de0       _modbus_strerror           10003de0 f   modbus.obj
 0001:00002ed0       _modbus_read_bits          10003ed0 f   modbus.obj
 0001:00002f60       _modbus_read_input_bits    10003f60 f   modbus.obj
 0001:00002ff0       _modbus_read_registers     10003ff0 f   modbus.obj
 0001:00003070       _modbus_read_input_registers 10004070 f   modbus.obj
 0001:000030f0       _modbus_write_bit          100040f0 f   modbus.obj
 0001:00003140       _modbus_write_register     10004140 f   modbus.obj
 0001:00003180       _modbus_write_bits         10004180 f   modbus.obj
 0001:00003490       _modbus_write_registers    10004490 f   modbus.obj
 0001:00003670       _modbus_mask_write_register 10004670 f   modbus.obj
 0001:000037d0       _modbus_write_and_read_registers 100047d0 f   modbus.obj
 0001:00003b10       _modbus_report_slave_id    10004b10 f   modbus.obj
 0001:00003c80       _modbus_mapping_new_start_address 10004c80 f   modbus.obj
 0001:00003ea0       _modbus_mapping_new        10004ea0 f   modbus.obj
 0001:00003ed0       _modbus_mapping_free       10004ed0 f   modbus.obj
 0001:00003f30       _modbus_send_raw_request   10004f30 f   modbus.obj
 0001:00004040       _modbus_receive            10005040 f   modbus.obj
 0001:00004080       _modbus_receive_confirmation 10005080 f   modbus.obj
 0001:000040b0       _modbus_reply              100050b0 f   modbus.obj
 0001:000052a0       _modbus_reply_exception    100062a0 f   modbus.obj
 0001:000053d0       __modbus_init_common       100063d0 f   modbus.obj
 0001:00005430       __error_print              10006430 f   modbus.obj
 0001:000054b0       __modbus_receive_msg       100064b0 f   modbus.obj
 0001:00005930       _strlcpy                   10006930 f   modbus.obj
 0001:000067a0       _vfprintf                  100077a0 f i modbus.obj
 0001:000067bc       _htonl@4                   100077bc f   ws2_32:WS2_32.dll
 0001:000067c2       _ntohl@4                   100077c2 f   ws2_32:WS2_32.dll
 0001:000067c8       _accept@12                 100077c8 f   ws2_32:WS2_32.dll
 0001:000067ce       _bind@12                   100077ce f   ws2_32:WS2_32.dll
 0001:000067d4       _closesocket@4             100077d4 f   ws2_32:WS2_32.dll
 0001:000067da       _connect@12                100077da f   ws2_32:WS2_32.dll
 0001:000067e0       _ioctlsocket@12            100077e0 f   ws2_32:WS2_32.dll
 0001:000067e6       _getsockopt@20             100077e6 f   ws2_32:WS2_32.dll
 0001:000067ec       _htons@4                   100077ec f   ws2_32:WS2_32.dll
 0001:000067f2       _inet_addr@4               100077f2 f   ws2_32:WS2_32.dll
 0001:000067f8       _inet_ntoa@4               100077f8 f   ws2_32:WS2_32.dll
 0001:000067fe       _listen@8                  100077fe f   ws2_32:WS2_32.dll
 0001:00006804       _recv@16                   10007804 f   ws2_32:WS2_32.dll
 0001:0000680a       _select@20                 1000780a f   ws2_32:WS2_32.dll
 0001:00006810       _send@16                   10007810 f   ws2_32:WS2_32.dll
 0001:00006816       _setsockopt@20             10007816 f   ws2_32:WS2_32.dll
 0001:0000681c       _shutdown@8                1000781c f   ws2_32:WS2_32.dll
 0001:00006822       _socket@12                 10007822 f   ws2_32:WS2_32.dll
 0001:00006828       _WSAStartup@8              10007828 f   ws2_32:WS2_32.dll
 0001:0000682e       _WSAGetLastError@0         1000782e f   ws2_32:WS2_32.dll
 0001:00006834       _getaddrinfo@16            10007834 f   ws2_32:WS2_32.dll
 0001:0000683a       _freeaddrinfo@4            1000783a f   ws2_32:WS2_32.dll
 0001:00006840       _CreateFileA@28            10007840 f   kernel32:KERNEL32.dll
 0001:00006846       _ReadFile@20               10007846 f   kernel32:KERNEL32.dll
 0001:0000684c       _WriteFile@20              1000784c f   kernel32:KERNEL32.dll
 0001:00006852       _CloseHandle@4             10007852 f   kernel32:KERNEL32.dll
 0001:00006858       _GetLastError@0            10007858 f   kernel32:KERNEL32.dll
 0001:0000685e       _GetCommState@8            1000785e f   kernel32:KERNEL32.dll
 0001:00006864       _PurgeComm@8               10007864 f   kernel32:KERNEL32.dll
 0001:0000686a       _SetCommState@8            1000786a f   kernel32:KERNEL32.dll
 0001:00006870       _SetCommTimeouts@8         10007870 f   kernel32:KERNEL32.dll
 0001:00006876       _FormatMessageA@28         10007876 f   kernel32:KERNEL32.dll
 0001:0000687c       _Sleep@4                   1000787c f   kernel32:KERNEL32.dll
 0001:00006890       __CRT_RTC_INIT             10007890 f   LIBCMTD:_init_.obj
 0001:000068a0       __CRT_RTC_INITW            100078a0 f   LIBCMTD:_init_.obj
 0001:000068b0       __RTC_InitBase             100078b0 f   LIBCMTD:_init_.obj
 0001:000068e0       __RTC_Shutdown             100078e0 f   LIBCMTD:_init_.obj
 0001:00006900       @__security_check_cookie@4 10007900 f   LIBCMTD:_secchk_.obj
 0001:00006920       ??$__vcrt_va_start_verify_argument_type@QBD@@YAXXZ 10007920 f i LIBCMTD:_error_.obj
 0001:00006a80       ?_RTC_AllocaFailure@@YAXPAXPAU_RTC_ALLOCA_NODE@@H@Z 10007a80 f   LIBCMTD:_error_.obj
 0001:00006ba0       ?_RTC_Failure@@YAXPAXH@Z   10007ba0 f   LIBCMTD:_error_.obj
 0001:00006bf0       ?_RTC_StackFailure@@YAXPAXPBD@Z 10007bf0 f   LIBCMTD:_error_.obj
 0001:00006f90       __RTC_UninitUse            10007f90 f   LIBCMTD:_error_.obj
 0001:00007080       __vsprintf_s_l             10008080 f i LIBCMTD:_error_.obj
 0001:000070b0       _sprintf_s                 100080b0 f i LIBCMTD:_error_.obj
 0001:000070e0       ___raise_securityfailure   100080e0 f   LIBCMTD:gs_report.obj
 0001:00007110       ___report_gsfailure        10008110 f   LIBCMTD:gs_report.obj
 0001:00007220       ___report_rangecheckfailure 10008220 f   LIBCMTD:gs_report.obj
 0001:00007230       ___report_securityfailure  10008230 f   LIBCMTD:gs_report.obj
 0001:00007310       ___report_securityfailureEx 10008310 f   LIBCMTD:gs_report.obj
 0001:000078e0       __CRT_INIT@12              100088e0 f   LIBCMTD:dll_dllmain.obj
 0001:00007900       __DllMainCRTStartup@12     10008900 f   LIBCMTD:dll_dllmain.obj
 0001:00007930       ?_RTC_GetErrorFunc@@YAP6AHHPBDH00ZZPBX@Z 10008930 f   LIBCMTD:_userapi_.obj
 0001:00007940       ?_RTC_GetErrorFuncW@@YAP6AHHPB_WH00ZZPBX@Z 10008940 f   LIBCMTD:_userapi_.obj
 0001:00007950       __RTC_GetErrDesc           10008950 f   LIBCMTD:_userapi_.obj
 0001:00007970       __RTC_NumErrors            10008970 f   LIBCMTD:_userapi_.obj
 0001:00007980       __RTC_SetErrorFunc         10008980 f   LIBCMTD:_userapi_.obj
 0001:000079a0       __RTC_SetErrorFuncW        100089a0 f   LIBCMTD:_userapi_.obj
 0001:000079c0       __RTC_SetErrorType         100089c0 f   LIBCMTD:_userapi_.obj
 0001:00007e80       ?_RTC_GetSrcLine@@YAHPAEPA_WKPAH1K@Z 10008e80 f   LIBCMTD:_pdblkup_.obj
 0001:000081e0       @_guard_check_icall@4      100091e0 f i LIBCMTD:checkcfg.obj
 0001:00008200       ??$__crt_fast_decode_pointer@PAP6AXXZ@@YAPAP6AXXZQAP6AXXZ@Z 10009200 f i LIBCMTD:utility.obj
 0001:00008230       ??$__crt_fast_encode_pointer@PAP6AXXZ@@YAPAP6AXXZQAP6AXXZ@Z 10009230 f i LIBCMTD:utility.obj
 0001:00008260       ?__crt_rotate_pointer_value@@YAIIH@Z 10009260 f i LIBCMTD:utility.obj
 0001:00008270       ?configure_argv@__scrt_narrow_argv_policy@@SAHXZ 10009270 f i LIBCMTD:utility.obj
 0001:00008390       _NtCurrentTeb              10009390 f i LIBCMTD:utility.obj
 0001:000083a0       ___scrt_acquire_startup_lock 100093a0 f   LIBCMTD:utility.obj
 0001:000083f0       ___scrt_dllmain_after_initialize_c 100093f0 f   LIBCMTD:utility.obj
 0001:00008420       ___scrt_dllmain_before_initialize_c 10009420 f   LIBCMTD:utility.obj
 0001:00008440       ___scrt_dllmain_crt_thread_attach 10009440 f   LIBCMTD:utility.obj
 0001:00008470       ___scrt_dllmain_crt_thread_detach 10009470 f   LIBCMTD:utility.obj
 0001:00008490       ___scrt_dllmain_exception_filter 10009490 f   LIBCMTD:utility.obj
 0001:000084e0       ___scrt_dllmain_uninitialize_c 100094e0 f   LIBCMTD:utility.obj
 0001:00008510       ___scrt_dllmain_uninitialize_critical 10009510 f   LIBCMTD:utility.obj
 0001:00008530       ___scrt_initialize_crt     10009530 f   LIBCMTD:utility.obj
 0001:00008580       ___scrt_initialize_onexit_tables 10009580 f   LIBCMTD:utility.obj
 0001:00008650       ___scrt_is_nonwritable_in_current_image 10009650 f   LIBCMTD:utility.obj
 0001:00008780       ___scrt_release_startup_lock 10009780 f   LIBCMTD:utility.obj
 0001:000087b0       ___scrt_uninitialize_crt   100097b0 f   LIBCMTD:utility.obj
 0001:000087f0       __onexit                   100097f0 f   LIBCMTD:utility.obj
 0001:00008860       _at_quick_exit             10009860 f   LIBCMTD:utility.obj
 0001:000088b0       _atexit                    100098b0 f   LIBCMTD:utility.obj
 0001:000088e0       ___security_init_cookie    100098e0 f   LIBCMTD:gs_support.obj
 0001:000089c0       _DllMain@12                100099c0 f   LIBCMTD:dll_dllmain_stub.obj
 0001:000089d0       ?__scrt_initialize_type_info@@YAXXZ 100099d0 f   LIBCMTD:tncleanup.obj
 0001:000089e0       ?__scrt_uninitialize_type_info@@YAXXZ 100099e0 f   LIBCMTD:tncleanup.obj
 0001:00008a00       ___local_stdio_scanf_options 10009a00 f i LIBCMTD:default_local_stdio_options.obj
 0001:00008a10       ___scrt_initialize_default_local_stdio_options 10009a10 f   LIBCMTD:default_local_stdio_options.obj
 0001:00008a50       ___scrt_get_dyn_tls_init_callback 10009a50 f   LIBCMTD:dyn_tls_init.obj
 0001:00008a60       ___scrt_fastfail           10009a60 f   LIBCMTD:utility_desktop.obj
 0001:00008ba0       ___scrt_get_show_window_mode 10009ba0 f   LIBCMTD:utility_desktop.obj
 0001:00008be0       ___scrt_initialize_winrt   10009be0 f   LIBCMTD:utility_desktop.obj
 0001:00008bf0       ___scrt_is_managed_app     10009bf0 f   LIBCMTD:utility_desktop.obj
 0001:00008c80       ___scrt_set_unhandled_exception_filter 10009c80 f   LIBCMTD:utility_desktop.obj
 0001:00008c90       ___scrt_unhandled_exception_filter@4 10009c90 f   LIBCMTD:utility_desktop.obj
 0001:00008cf0       __crt_debugger_hook        10009cf0 f   LIBCMTD:utility_desktop.obj
 0001:00008d00       __RTC_Initialize           10009d00 f   LIBCMTD:_initsect_.obj
 0001:00008d30       __RTC_Terminate            10009d30 f   LIBCMTD:_initsect_.obj
 0001:00008d60       @_guard_check_icall_nop@4  10009d60 f i LIBCMTD:guard_support.obj
 0001:00008d70       __guard_icall_checks_enforced 10009d70 f i LIBCMTD:guard_support.obj
 0001:00008da0       ___isa_available_init      10009da0 f   LIBCMTD:_cpu_disp_.obj
 0001:00009080       __get_startup_argv_mode    1000a080 f   LIBCMTD:argv_mode.obj
 0001:00009090       ___scrt_is_ucrt_dll_in_use 1000a090 f   LIBCMTD:ucrt_detection.obj
 0001:000090c0       _memcpy                    1000a0c0 f   libvcruntimed:memcpy.obj
 0001:00009640       _memset                    1000a640 f   libvcruntimed:memset.obj
 0001:00009800       __except_handler4          1000a800 f   libvcruntimed:_chandler4_.obj
 0001:000099d0       ___vcrt_GetModuleFileNameW 1000a9d0 f   libvcruntimed:winapi_thunks.obj
 0001:000099f0       ___vcrt_GetModuleHandleW   1000a9f0 f   libvcruntimed:winapi_thunks.obj
 0001:00009a00       ___vcrt_LoadLibraryExW     1000aa00 f   libvcruntimed:winapi_thunks.obj
 0001:00009a20       ___vcrt_initialize         1000aa20 f   libvcruntimed:initialization.obj
 0001:00009a60       ___vcrt_thread_attach      1000aa60 f   libvcruntimed:initialization.obj
 0001:00009a80       ___vcrt_thread_detach      1000aa80 f   libvcruntimed:initialization.obj
 0001:00009aa0       ___vcrt_uninitialize       1000aaa0 f   libvcruntimed:initialization.obj
 0001:00009ac0       ___vcrt_uninitialize_critical 1000aac0 f   libvcruntimed:initialization.obj
 0001:00009b00       ??$?RD@__crt_internal_free_policy@@QBEXQBD@Z 1000ab00 f i libvcruntimed:std_type_info.obj
 0001:00009b20       ??$?RX@__crt_internal_free_policy@@QBEXQBX@Z 1000ab20 f i libvcruntimed:std_type_info.obj
 0001:00009b40       ??$__crt_interlocked_compare_exchange_pointer@$$CBD$$T$$T@@YAPBDPDSBD$$T1@Z 1000ab40 f i libvcruntimed:std_type_info.obj
 0001:00009b60       ??$__crt_interlocked_compare_exchange_pointer@$$CBDPAD$$T@@YAPBDPDSBDQAD$$T@Z 1000ab60 f i libvcruntimed:std_type_info.obj
 0001:00009b80       ??$__crt_interlocked_read_pointer@$$CBD@@YAPBDPDSBD@Z 1000ab80 f i libvcruntimed:std_type_info.obj
 0001:00009ba0       ??0?$__crt_unique_heap_ptr@DU__crt_internal_free_policy@@@@QAE@QAD@Z 1000aba0 f i libvcruntimed:std_type_info.obj
 0001:00009bc0       ??0?$__crt_unique_heap_ptr@XU__crt_internal_free_policy@@@@QAE@QAX@Z 1000abc0 f i libvcruntimed:std_type_info.obj
 0001:00009be0       ??1?$__crt_unique_heap_ptr@DU__crt_internal_free_policy@@@@QAE@XZ 1000abe0 f i libvcruntimed:std_type_info.obj
 0001:00009c00       ??1?$__crt_unique_heap_ptr@XU__crt_internal_free_policy@@@@QAE@XZ 1000ac00 f i libvcruntimed:std_type_info.obj
 0001:00009c40       ??B?$__crt_unique_heap_ptr@DU__crt_internal_free_policy@@@@QBE_NXZ 1000ac40 f i libvcruntimed:std_type_info.obj
 0001:00009c60       ??B?$__crt_unique_heap_ptr@XU__crt_internal_free_policy@@@@QBE_NXZ 1000ac60 f i libvcruntimed:std_type_info.obj
 0001:00009cd0       ?detach@?$__crt_unique_heap_ptr@XU__crt_internal_free_policy@@@@QAEPAXXZ 1000acd0 f i libvcruntimed:std_type_info.obj
 0001:00009d00       ?get@?$__crt_unique_heap_ptr@DU__crt_internal_free_policy@@@@QBEPADXZ 1000ad00 f i libvcruntimed:std_type_info.obj
 0001:00009d10       ?get@?$__crt_unique_heap_ptr@XU__crt_internal_free_policy@@@@QBEPAXXZ 1000ad10 f i libvcruntimed:std_type_info.obj
 0001:00009d20       ?is_valid@?$__crt_unique_heap_ptr@DU__crt_internal_free_policy@@@@QBE_NXZ 1000ad20 f i libvcruntimed:std_type_info.obj
 0001:00009d50       ?is_valid@?$__crt_unique_heap_ptr@XU__crt_internal_free_policy@@@@QBE_NXZ 1000ad50 f i libvcruntimed:std_type_info.obj
 0001:00009d80       ?release@?$__crt_unique_heap_ptr@DU__crt_internal_free_policy@@@@QAEXXZ 1000ad80 f i libvcruntimed:std_type_info.obj
 0001:00009db0       ?release@?$__crt_unique_heap_ptr@XU__crt_internal_free_policy@@@@QAEXXZ 1000adb0 f i libvcruntimed:std_type_info.obj
 0001:00009de0       ___std_type_info_compare   1000ade0 f   libvcruntimed:std_type_info.obj
 0001:00009e10       ___std_type_info_destroy_list 1000ae10 f   libvcruntimed:std_type_info.obj
 0001:00009e50       ___std_type_info_hash      1000ae50 f   libvcruntimed:std_type_info.obj
 0001:00009eb0       ___std_type_info_name      1000aeb0 f   libvcruntimed:std_type_info.obj
 0001:0000a090       __local_unwind4            1000b090 f   libvcruntimed:_exsup4_.obj
 0001:0000a166       __seh_longjmp_unwind4@4    1000b166 f   libvcruntimed:_exsup4_.obj
 0001:0000a18e       @_EH4_CallFilterFunc@8     1000b18e f   libvcruntimed:_exsup4_.obj
 0001:0000a1a5       @_EH4_TransferToHandler@8  1000b1a5 f   libvcruntimed:_exsup4_.obj
 0001:0000a1be       @_EH4_GlobalUnwind2@8      1000b1be f   libvcruntimed:_exsup4_.obj
 0001:0000a1d7       @_EH4_LocalUnwind@16       1000b1d7 f   libvcruntimed:_exsup4_.obj
 0001:0000a1f0       ___except_validate_context_record 1000b1f0 f   libvcruntimed:jbcxrval.obj
 0001:0000a240       ___except_validate_jump_buffer 1000b240 f   libvcruntimed:jbcxrval.obj
 0001:0000a290       ??$?RU__vcrt_ptd@@@__crt_internal_free_policy@@QBEXQBU__vcrt_ptd@@@Z 1000b290 f i libvcruntimed:per_thread_data.obj
 0001:0000a2b0       ??0?$__crt_unique_heap_ptr@U__vcrt_ptd@@U__crt_internal_free_policy@@@@QAE@QAU__vcrt_ptd@@@Z 1000b2b0 f i libvcruntimed:per_thread_data.obj
 0001:0000a2f0       ??1?$__crt_unique_heap_ptr@U__vcrt_ptd@@U__crt_internal_free_policy@@@@QAE@XZ 1000b2f0 f i libvcruntimed:per_thread_data.obj
 0001:0000a330       ??B?$__crt_unique_heap_ptr@U__vcrt_ptd@@U__crt_internal_free_policy@@@@QBE_NXZ 1000b330 f i libvcruntimed:per_thread_data.obj
 0001:0000a350       ?detach@?$__crt_unique_heap_ptr@U__vcrt_ptd@@U__crt_internal_free_policy@@@@QAEPAU__vcrt_ptd@@XZ 1000b350 f i libvcruntimed:per_thread_data.obj
 0001:0000a380       ?get@?$__crt_unique_heap_ptr@U__vcrt_ptd@@U__crt_internal_free_policy@@@@QBEPAU__vcrt_ptd@@XZ 1000b380 f i libvcruntimed:per_thread_data.obj
 0001:0000a390       ?is_valid@?$__crt_unique_heap_ptr@U__vcrt_ptd@@U__crt_internal_free_policy@@@@QBE_NXZ 1000b390 f i libvcruntimed:per_thread_data.obj
 0001:0000a3c0       ?release@?$__crt_unique_heap_ptr@U__vcrt_ptd@@U__crt_internal_free_policy@@@@QAEXXZ 1000b3c0 f i libvcruntimed:per_thread_data.obj
 0001:0000a420       ___vcrt_freefls@4          1000b420 f   libvcruntimed:per_thread_data.obj
 0001:0000a450       ___vcrt_freeptd            1000b450 f   libvcruntimed:per_thread_data.obj
 0001:0000a4b0       ___vcrt_getptd             1000b4b0 f   libvcruntimed:per_thread_data.obj
 0001:0000a4d0       ___vcrt_getptd_noexit      1000b4d0 f   libvcruntimed:per_thread_data.obj
 0001:0000a630       ___vcrt_initialize_ptd     1000b630 f   libvcruntimed:per_thread_data.obj
 0001:0000a680       ___vcrt_uninitialize_ptd   1000b680 f   libvcruntimed:per_thread_data.obj
 0001:0000a6b0       ___vcrt_initialize_locks   1000b6b0 f   libvcruntimed:locks.obj
 0001:0000a710       ___vcrt_lock               1000b710 f   libvcruntimed:locks.obj
 0001:0000a730       ___vcrt_uninitialize_locks 1000b730 f   libvcruntimed:locks.obj
 0001:0000a780       ___vcrt_unlock             1000b780 f   libvcruntimed:locks.obj
 0001:0000a7a0       ??$?BX@__crt_fast_encoded_nullptr_t@@QBEPAXXZ 1000b7a0 f i libvcruntimed:winapi_downlevel.obj
 0001:0000a7c0       ??$__crt_fast_decode_pointer@PAX@@YAPAXQAX@Z 1000b7c0 f i libvcruntimed:winapi_downlevel.obj
 0001:0000a7f0       ??$__crt_fast_encode_pointer@PAX@@YAPAXQAX@Z 1000b7f0 f i libvcruntimed:winapi_downlevel.obj
 0001:0000a820       ??$__crt_interlocked_compare_exchange_pointer@UHINSTANCE__@@$$T$$T@@YAPAUHINSTANCE__@@PDSAU0@$$T1@Z 1000b820 f i libvcruntimed:winapi_downlevel.obj
 0001:0000a840       ??$__crt_interlocked_compare_exchange_pointer@X$$T$$T@@YAPAXPDSAX$$T1@Z 1000b840 f i libvcruntimed:winapi_downlevel.obj
 0001:0000a860       ??$__crt_interlocked_exchange_pointer@UHINSTANCE__@@PAU1@@@YAPAUHINSTANCE__@@PDSAU0@QAU0@@Z 1000b860 f i libvcruntimed:winapi_downlevel.obj
 0001:0000a870       ??$__crt_interlocked_exchange_pointer@UHINSTANCE__@@PAX@@YAPAUHINSTANCE__@@PDSAU0@QAX@Z 1000b870 f i libvcruntimed:winapi_downlevel.obj
 0001:0000a880       ??$__crt_interlocked_exchange_pointer@XPAX@@YAPAXPDSAXQAX@Z 1000b880 f i libvcruntimed:winapi_downlevel.obj
 0001:0000a890       ??$__crt_interlocked_read_pointer@UHINSTANCE__@@@@YAPAUHINSTANCE__@@PDSAU0@@Z 1000b890 f i libvcruntimed:winapi_downlevel.obj
 0001:0000a8b0       ??$__crt_interlocked_read_pointer@X@@YAPAXPDSAX@Z 1000b8b0 f i libvcruntimed:winapi_downlevel.obj
 0001:0000a8d0       ?__crt_fast_encode_pointer@@YA?AU__crt_fast_encoded_nullptr_t@@$$T@Z 1000b8d0 f i libvcruntimed:winapi_downlevel.obj
 0001:0000ad20       ___vcrt_EventRegister      1000bd20 f   libvcruntimed:winapi_downlevel.obj
 0001:0000ad60       ___vcrt_EventSetInformation 1000bd60 f   libvcruntimed:winapi_downlevel.obj
 0001:0000adb0       ___vcrt_EventUnregister    1000bdb0 f   libvcruntimed:winapi_downlevel.obj
 0001:0000adf0       ___vcrt_EventWriteTransfer 1000bdf0 f   libvcruntimed:winapi_downlevel.obj
 0001:0000ae40       ___vcrt_FlsAlloc           1000be40 f   libvcruntimed:winapi_downlevel.obj
 0001:0000ae80       ___vcrt_FlsFree            1000be80 f   libvcruntimed:winapi_downlevel.obj
 0001:0000aec0       ___vcrt_FlsGetValue        1000bec0 f   libvcruntimed:winapi_downlevel.obj
 0001:0000af00       ___vcrt_FlsSetValue        1000bf00 f   libvcruntimed:winapi_downlevel.obj
 0001:0000af50       ___vcrt_InitializeCriticalSectionEx 1000bf50 f   libvcruntimed:winapi_downlevel.obj
 0001:0000afa0       ___vcrt_initialize_winapi_thunks 1000bfa0 f   libvcruntimed:winapi_downlevel.obj
 0001:0000b000       ___vcrt_uninitialize_winapi_thunks 1000c000 f   libvcruntimed:winapi_downlevel.obj
 0001:0000b070       ??$?B$$A6AXXZ@__crt_fast_encoded_nullptr_t@@QBEP6AXXZXZ 1000c070 f i libvcruntimed:purevirt_data.obj
 0001:0000b090       ??$__crt_fast_encode_pointer@P6AXXZ@@YAP6AXXZQ6AXXZ@Z 1000c090 f i libvcruntimed:purevirt_data.obj
 0001:0000b0c0       ___vcrt_initialize_pure_virtual_call_handler 1000c0c0 f   libvcruntimed:purevirt_data.obj
 0001:0000b0f0       ??0Block@_HeapManager@@QAE@XZ 1000c0f0 f i libvcruntimed:undname.obj
 0001:0000b110       ??0DName@@QAE@AAPBDD@Z     1000c110 f   libvcruntimed:undname.obj
 0001:0000b3d0       ??0DName@@QAE@ABV0@@Z      1000c3d0 f i libvcruntimed:undname.obj
 0001:0000b3f0       ??0DName@@QAE@D@Z          1000c3f0 f   libvcruntimed:undname.obj
 0001:0000b4d0       ??0DName@@QAE@PAV0@@Z      1000c4d0 f   libvcruntimed:undname.obj
 0001:0000b610       ??0DName@@QAE@PBD@Z        1000c610 f   libvcruntimed:undname.obj
 0001:0000b700       ??0DName@@QAE@W4DNameStatus@@@Z 1000c700 f   libvcruntimed:undname.obj
 0001:0000b820       ??0DName@@QAE@XZ           1000c820 f i libvcruntimed:undname.obj
 0001:0000b8e0       ??0DName@@QAE@_J@Z         1000c8e0 f   libvcruntimed:undname.obj
 0001:0000ba60       ??0DName@@QAE@_K@Z         1000ca60 f   libvcruntimed:undname.obj
 0001:0000bba0       ??0DNameNode@@IAE@XZ       1000cba0 f   libvcruntimed:undname.obj
 0001:0000bbc0       ??0DNameStatusNode@@AAE@W4DNameStatus@@@Z 1000cbc0 f   libvcruntimed:undname.obj
 0001:0000bc10       ??0Replicator@@QAE@XZ      1000cc10 f i libvcruntimed:undname.obj
 0001:0000bc30       ??0UnDecorator@@QAE@PADPBDHP6APADJ@ZK@Z 1000cc30 f i libvcruntimed:undname.obj
 0001:0000bcd0       ??0charNode@@QAE@D@Z       1000ccd0 f   libvcruntimed:undname.obj
 0001:0000bd00       ??0pDNameNode@@QAE@PAVDName@@@Z 1000cd00 f   libvcruntimed:undname.obj
 0001:0000bd60       ??0pairNode@@QAE@PAVDNameNode@@0@Z 1000cd60 f   libvcruntimed:undname.obj
 0001:0000bda0       ??0pcharNode@@QAE@PBDH@Z   1000cda0 f   libvcruntimed:undname.obj
 0001:0000be40       ??2@YAPAXIAAV_HeapManager@@H@Z 1000ce40 f i libvcruntimed:undname.obj
 0001:0000be60       ??4DName@@QAEAAV0@ABV0@@Z  1000ce60 f   libvcruntimed:undname.obj
 0001:0000be80       ??4DName@@QAEAAV0@D@Z      1000ce80 f i libvcruntimed:undname.obj
 0001:0000bf60       ??4DName@@QAEAAV0@PAV0@@Z  1000cf60 f   libvcruntimed:undname.obj
 0001:0000c090       ??4DName@@QAEAAV0@PBD@Z    1000d090 f   libvcruntimed:undname.obj
 0001:0000c170       ??4DName@@QAEAAV0@W4DNameStatus@@@Z 1000d170 f   libvcruntimed:undname.obj
 0001:0000c270       ??AReplicator@@QBE?AVDName@@H@Z 1000d270 f   libvcruntimed:undname.obj
 0001:0000c2e0       ??BUnDecorator@@QAEPADXZ   1000d2e0 f i libvcruntimed:undname.obj
 0001:0000c590       ??H@YA?AVDName@@DABV0@@Z   1000d590 f i libvcruntimed:undname.obj
 0001:0000c5c0       ??H@YA?AVDName@@PBDABV0@@Z 1000d5c0 f i libvcruntimed:undname.obj
 0001:0000c5f0       ??H@YA?AVDName@@W4DNameStatus@@ABV0@@Z 1000d5f0 f i libvcruntimed:undname.obj
 0001:0000c620       ??HDName@@QBE?AV0@ABV0@@Z  1000d620 f   libvcruntimed:undname.obj
 0001:0000c660       ??HDName@@QBE?AV0@D@Z      1000d660 f   libvcruntimed:undname.obj
 0001:0000c6a0       ??HDName@@QBE?AV0@PAV0@@Z  1000d6a0 f   libvcruntimed:undname.obj
 0001:0000c6e0       ??HDName@@QBE?AV0@PBD@Z    1000d6e0 f   libvcruntimed:undname.obj
 0001:0000c720       ??HDName@@QBE?AV0@W4DNameStatus@@@Z 1000d720 f   libvcruntimed:undname.obj
 0001:0000c760       ??YDName@@QAEAAV0@ABV0@@Z  1000d760 f   libvcruntimed:undname.obj
 0001:0000c7d0       ??YDName@@QAEAAV0@D@Z      1000d7d0 f   libvcruntimed:undname.obj
 0001:0000c850       ??YDName@@QAEAAV0@PAV0@@Z  1000d850 f   libvcruntimed:undname.obj
 0001:0000c900       ??YDName@@QAEAAV0@PBD@Z    1000d900 f   libvcruntimed:undname.obj
 0001:0000c9a0       ??YDName@@QAEAAV0@W4DNameStatus@@@Z 1000d9a0 f   libvcruntimed:undname.obj
 0001:0000ca00       ??YReplicator@@QAEAAV0@ABVDName@@@Z 1000da00 f   libvcruntimed:undname.obj
 0001:0000ca90       ??_5DName@@QAEAAV0@ABV0@@Z 1000da90 f   libvcruntimed:undname.obj
 0001:0000caf0       ?Constructor@_HeapManager@@QAEXP6APAXI@ZP6AXPAX@Z@Z 1000daf0 f i libvcruntimed:undname.obj
 0001:0000cb30       ?Destructor@_HeapManager@@QAEXXZ 1000db30 f i libvcruntimed:undname.obj
 0001:0000cb90       ?UScore@UnDecorator@@SAPBDW4Tokens@@@Z 1000db90 f   libvcruntimed:undname.obj
 0001:0000cbc0       ?append@DName@@AAEXPAVDNameNode@@@Z 1000dbc0 f   libvcruntimed:undname.obj
 0001:0000cc50       ?composeDeclaration@UnDecorator@@CA?AVDName@@ABV2@@Z 1000dc50 f i libvcruntimed:undname.obj
 0001:0000e8e0       ?dbGetString@DName@@QBEPADXZ 1000f8e0 f   libvcruntimed:undname.obj
 0001:0000e900       ?doAccessSpecifiers@UnDecorator@@SAHXZ 1000f900 f i libvcruntimed:undname.obj
 0001:0000e930       ?doAllocationLanguage@UnDecorator@@SAHXZ 1000f930 f i libvcruntimed:undname.obj
 0001:0000e960       ?doAllocationModel@UnDecorator@@SAHXZ 1000f960 f i libvcruntimed:undname.obj
 0001:0000e990       ?doEcsu@UnDecorator@@SAHXZ 1000f990 f i libvcruntimed:undname.obj
 0001:0000e9c0       ?doEllipsis@UnDecorator@@SAHXZ 1000f9c0 f i libvcruntimed:undname.obj
 0001:0000e9f0       ?doFunctionReturns@UnDecorator@@SAHXZ 1000f9f0 f i libvcruntimed:undname.obj
 0001:0000ea20       ?doMSKeywords@UnDecorator@@SAHXZ 1000fa20 f i libvcruntimed:undname.obj
 0001:0000ea50       ?doMemberTypes@UnDecorator@@SAHXZ 1000fa50 f i libvcruntimed:undname.obj
 0001:0000ea80       ?doNameOnly@UnDecorator@@SAHXZ 1000fa80 f i libvcruntimed:undname.obj
 0001:0000ea90       ?doNoIdentCharCheck@UnDecorator@@SAHXZ 1000fa90 f i libvcruntimed:undname.obj
 0001:0000eaa0       ?doPchar@DName@@AAEXPBDH@Z 1000faa0 f   libvcruntimed:undname.obj
 0001:0000ebe0       ?doPtr64@UnDecorator@@SAHXZ 1000fbe0 f i libvcruntimed:undname.obj
 0001:0000ec10       ?doRestrictionSpec@UnDecorator@@SAHXZ 1000fc10 f i libvcruntimed:undname.obj
 0001:0000ec40       ?doThisTypes@UnDecorator@@SAHXZ 1000fc40 f i libvcruntimed:undname.obj
 0001:0000ec70       ?doThrowTypes@UnDecorator@@SAHXZ 1000fc70 f i libvcruntimed:undname.obj
 0001:0000eca0       ?doTypeOnly@UnDecorator@@SAHXZ 1000fca0 f i libvcruntimed:undname.obj
 0001:0000ecb0       ?doUnderScore@UnDecorator@@SAHXZ 1000fcb0 f i libvcruntimed:undname.obj
 0001:0000ece0       ?getArgumentList@UnDecorator@@CA?AVDName@@XZ 1000fce0 f   libvcruntimed:undname.obj
 0001:0000ee30       ?getArgumentTypes@UnDecorator@@CA?AVDName@@XZ 1000fe30 f   libvcruntimed:undname.obj
 0001:0000ef90       ?getArrayType@UnDecorator@@CA?AVDName@@ABV2@@Z 1000ff90 f i libvcruntimed:undname.obj
 0001:0000f1d0       ?getBasedType@UnDecorator@@CA?AVDName@@XZ 100101d0 f   libvcruntimed:undname.obj
 0001:0000f290       ?getBasicDataType@UnDecorator@@CA?AVDName@@ABV2@@Z 10010290 f   libvcruntimed:undname.obj
 0001:0000f880       ?getCallIndex@UnDecorator@@CA?AVDName@@XZ 10010880 f i libvcruntimed:undname.obj
 0001:0000f8a0       ?getCallingConvention@UnDecorator@@CA?AVDName@@XZ 100108a0 f   libvcruntimed:undname.obj
 0001:0000fa30       ?getDataIndirectType@UnDecorator@@CA?AVDName@@ABV2@PBD0H@Z 10010a30 f   libvcruntimed:undname.obj
 0001:000101f0       ?getDataIndirectType@UnDecorator@@CA?AVDName@@XZ 100111f0 f i libvcruntimed:undname.obj
 0001:00010230       ?getDataType@UnDecorator@@CA?AVDName@@PAV2@@Z 10011230 f   libvcruntimed:undname.obj
 0001:00010350       ?getDecoratedName@UnDecorator@@CA?AVDName@@XZ 10011350 f   libvcruntimed:undname.obj
 0001:00010670       ?getDimension@UnDecorator@@CA?AVDName@@_N@Z 10011670 f   libvcruntimed:undname.obj
 0001:00010920       ?getDispatchTarget@UnDecorator@@CA?AVDName@@XZ 10011920 f   libvcruntimed:undname.obj
 0001:000109c0       ?getDisplacement@UnDecorator@@CA?AVDName@@XZ 100119c0 f i libvcruntimed:undname.obj
 0001:000109e0       ?getECSUDataType@UnDecorator@@CA?AVDName@@XZ 100119e0 f   libvcruntimed:undname.obj
 0001:00010bb0       ?getECSUName@UnDecorator@@CA?AVDName@@XZ 10011bb0 f i libvcruntimed:undname.obj
 0001:00010bd0       ?getEnumType@UnDecorator@@CA?AVDName@@XZ 10011bd0 f i libvcruntimed:undname.obj
 0001:00010d20       ?getExtendedDataIndirectType@UnDecorator@@CA?AVDName@@AAPBDAA_NH@Z 10011d20 f   libvcruntimed:undname.obj
 0001:00010f70       ?getExternalDataType@UnDecorator@@CA?AVDName@@ABV2@@Z 10011f70 f i libvcruntimed:undname.obj
 0001:00011000       ?getFunctionIndirectType@UnDecorator@@CA?AVDName@@ABV2@@Z 10012000 f   libvcruntimed:undname.obj
 0001:00011490       ?getGuardNumber@UnDecorator@@CA?AVDName@@XZ 10012490 f i libvcruntimed:undname.obj
 0001:000114b0       ?getLastChar@DName@@QBEDXZ 100124b0 f i libvcruntimed:undname.obj
 0001:000114f0       ?getLastChar@DNameStatusNode@@UBEDXZ 100124f0 f i libvcruntimed:undname.obj
 0001:00011520       ?getLastChar@charNode@@UBEDXZ 10012520 f i libvcruntimed:undname.obj
 0001:00011540       ?getLastChar@pDNameNode@@UBEDXZ 10012540 f i libvcruntimed:undname.obj
 0001:00011570       ?getLastChar@pairNode@@UBEDXZ 10012570 f i libvcruntimed:undname.obj
 0001:000115e0       ?getLastChar@pcharNode@@UBEDXZ 100125e0 f i libvcruntimed:undname.obj
 0001:00011620       ?getLexicalFrame@UnDecorator@@CA?AVDName@@XZ 10012620 f i libvcruntimed:undname.obj
 0001:00011660       ?getMemory@_HeapManager@@QAEPAXIH@Z 10012660 f   libvcruntimed:undname.obj
 0001:00011780       ?getNumberOfDimensions@UnDecorator@@CAHXZ 10012780 f   libvcruntimed:undname.obj
 0001:00011880       ?getOperatorName@UnDecorator@@CA?AVDName@@_NPA_N@Z 10012880 f i libvcruntimed:undname.obj
 0001:000122b0       ?getPointerType@UnDecorator@@CA?AVDName@@ABV2@0@Z 100132b0 f i libvcruntimed:undname.obj
 0001:000122e0       ?getPointerTypeArray@UnDecorator@@CA?AVDName@@ABV2@0@Z 100132e0 f i libvcruntimed:undname.obj
 0001:00012310       ?getPrimaryDataType@UnDecorator@@CA?AVDName@@ABV2@@Z 10013310 f   libvcruntimed:undname.obj
 0001:00012710       ?getPtrRefDataType@UnDecorator@@CA?AVDName@@ABV2@H@Z 10013710 f   libvcruntimed:undname.obj
 0001:000128b0       ?getPtrRefType@UnDecorator@@CA?AVDName@@ABV2@0PBD@Z 100138b0 f   libvcruntimed:undname.obj
 0001:00012a20       ?getReferenceType@UnDecorator@@CA?AVDName@@ABV2@0PBD@Z 10013a20 f i libvcruntimed:undname.obj
 0001:00012a40       ?getRestrictionSpec@UnDecorator@@CA?AVDName@@XZ 10013a40 f   libvcruntimed:undname.obj
 0001:00012b90       ?getReturnType@UnDecorator@@CA?AVDName@@PAV2@@Z 10013b90 f   libvcruntimed:undname.obj
 0001:00012be0       ?getScope@UnDecorator@@CA?AVDName@@XZ 10013be0 f   libvcruntimed:undname.obj
 0001:000130d0       ?getScopedName@UnDecorator@@CA?AVDName@@XZ 100140d0 f   libvcruntimed:undname.obj
 0001:000131f0       ?getSignedDimension@UnDecorator@@CA?AVDName@@XZ 100141f0 f   libvcruntimed:undname.obj
 0001:00013270       ?getStorageConvention@UnDecorator@@CA?AVDName@@XZ 10014270 f i libvcruntimed:undname.obj
 0001:00013290       ?getString@DName@@QBEPADPAD0@Z 10014290 f i libvcruntimed:undname.obj
 0001:000132e0       ?getString@DName@@QBEPADPADH@Z 100142e0 f i libvcruntimed:undname.obj
 0001:00013370       ?getString@DNameStatusNode@@UBEPADPAD0@Z 10014370 f i libvcruntimed:undname.obj
 0001:000133b0       ?getString@charNode@@UBEPADPAD0@Z 100143b0 f i libvcruntimed:undname.obj
 0001:000133e0       ?getString@pDNameNode@@UBEPADPAD0@Z 100143e0 f i libvcruntimed:undname.obj
 0001:00013420       ?getString@pairNode@@UBEPADPAD0@Z 10014420 f i libvcruntimed:undname.obj
 0001:000134a0       ?getString@pcharNode@@UBEPADPAD0@Z 100144a0 f i libvcruntimed:undname.obj
 0001:000134d0       ?getStringEncoding@UnDecorator@@CA?AVDName@@PADH@Z 100144d0 f   libvcruntimed:undname.obj
 0001:000135e0       ?getStringHelper@@YAPADPAD00H@Z 100145e0 f i libvcruntimed:undname.obj
 0001:00013620       ?getSymbolName@UnDecorator@@CA?AVDName@@XZ 10014620 f i libvcruntimed:undname.obj
 0001:000136b0       ?getTemplateArgumentList@UnDecorator@@CA?AVDName@@XZ 100146b0 f   libvcruntimed:undname.obj
 0001:00013aa0       ?getTemplateConstant@UnDecorator@@CA?AVDName@@XZ 10014aa0 f   libvcruntimed:undname.obj
 0001:00014050       ?getTemplateName@UnDecorator@@CA?AVDName@@_N@Z 10015050 f   libvcruntimed:undname.obj
 0001:00014220       ?getThisType@UnDecorator@@CA?AVDName@@XZ 10015220 f i libvcruntimed:undname.obj
 0001:00014260       ?getThrowTypes@UnDecorator@@CA?AVDName@@XZ 10015260 f   libvcruntimed:undname.obj
 0001:00014310       ?getTypeEncoding@UnDecorator@@CAHXZ 10015310 f i libvcruntimed:undname.obj
 0001:00014d50       ?getVCallThunkType@UnDecorator@@CA?AVDName@@XZ 10015d50 f i libvcruntimed:undname.obj
 0001:00014db0       ?getVbTableType@UnDecorator@@CA?AVDName@@ABV2@@Z 10015db0 f i libvcruntimed:undname.obj
 0001:00014dd0       ?getVdispMapType@UnDecorator@@CA?AVDName@@ABV2@@Z 10015dd0 f i libvcruntimed:undname.obj
 0001:00014e40       ?getVfTableType@UnDecorator@@CA?AVDName@@ABV2@@Z 10015e40 f i libvcruntimed:undname.obj
 0001:00015000       ?getZName@UnDecorator@@CA?AVDName@@_N0@Z 10016000 f   libvcruntimed:undname.obj
 0001:000152d0       ?haveTemplateParameters@UnDecorator@@SAHXZ 100162d0 f i libvcruntimed:undname.obj
 0001:000152e0       ?isArray@DName@@QBEHXZ     100162e0 f i libvcruntimed:undname.obj
 0001:00015300       ?isComArray@DName@@QBEHXZ  10016300 f i libvcruntimed:undname.obj
 0001:00015320       ?isEmpty@DName@@QBEHXZ     10016320 f i libvcruntimed:undname.obj
 0001:00015350       ?isFull@Replicator@@QBEHXZ 10016350 f i libvcruntimed:undname.obj
 0001:00015380       ?isNoTE@DName@@QBEHXZ      10016380 f i libvcruntimed:undname.obj
 0001:000153a0       ?isPinPtr@DName@@QBEHXZ    100163a0 f i libvcruntimed:undname.obj
 0001:000153c0       ?isPtrRef@DName@@QBEHXZ    100163c0 f i libvcruntimed:undname.obj
 0001:000153e0       ?isUDC@DName@@QBEHXZ       100163e0 f i libvcruntimed:undname.obj
 0001:00015420       ?isUDTThunk@DName@@QBEHXZ  10016420 f i libvcruntimed:undname.obj
 0001:00015460       ?isVCallThunk@DName@@QBEHXZ 10016460 f i libvcruntimed:undname.obj
 0001:00015480       ?isValid@DName@@QBEHXZ     10016480 f i libvcruntimed:undname.obj
 0001:000154c0       ?length@DName@@QBEHXZ      100164c0 f i libvcruntimed:undname.obj
 0001:00015500       ?length@DNameStatusNode@@UBEHXZ 10016500 f i libvcruntimed:undname.obj
 0001:00015520       ?length@charNode@@UBEHXZ   10016520 f i libvcruntimed:undname.obj
 0001:00015530       ?length@pDNameNode@@UBEHXZ 10016530 f i libvcruntimed:undname.obj
 0001:00015560       ?length@pairNode@@UBEHXZ   10016560 f i libvcruntimed:undname.obj
 0001:000155d0       ?length@pcharNode@@UBEHXZ  100165d0 f i libvcruntimed:undname.obj
 0001:000155f0       ?make@DNameStatusNode@@SAPAV1@W4DNameStatus@@@Z 100165f0 f i libvcruntimed:undname.obj
 0001:00015670       ?setIsArray@DName@@QAEXXZ  10016670 f i libvcruntimed:undname.obj
 0001:00015690       ?setIsComArray@DName@@QAEXXZ 10016690 f i libvcruntimed:undname.obj
 0001:000156b0       ?setIsNoTE@DName@@QAEXXZ   100166b0 f i libvcruntimed:undname.obj
 0001:000156d0       ?setIsPinPtr@DName@@QAEXXZ 100166d0 f i libvcruntimed:undname.obj
 0001:000156f0       ?setIsUDC@DName@@QAEXXZ    100166f0 f i libvcruntimed:undname.obj
 0001:00015720       ?setIsVCallThunk@DName@@QAEXXZ 10016720 f i libvcruntimed:undname.obj
 0001:00015740       ?setPtrRef@DName@@QAEAAV1@XZ 10016740 f i libvcruntimed:undname.obj
 0001:00015760       ?status@DName@@QBE?AW4DNameStatus@@XZ 10016760 f i libvcruntimed:undname.obj
 0001:00015860       ___unDName                 10016860 f   libvcruntimed:undname.obj
 0001:00015930       ___unDNameEx               10016930 f   libvcruntimed:undname.obj
 0001:00015a00       __global_unwind2           10016a00 f   libvcruntimed:_exsup_.obj
 0001:00015a65       __local_unwind2            10016a65 f   libvcruntimed:_exsup_.obj
 0001:00015ae9       __abnormal_termination     10016ae9 f   libvcruntimed:_exsup_.obj
 0001:00015b0c       __NLG_Notify1              10016b0c f   libvcruntimed:_exsup_.obj
 0001:00015b15       __NLG_Notify               10016b15 f   libvcruntimed:_exsup_.obj
 0001:00015b2c       __NLG_Dispatch             10016b2c     libvcruntimed:_exsup_.obj
 0001:00015b2c       __NLG_Dispatch2            10016b2c     libvcruntimed:_exsup_.obj
 0001:00015b34       __NLG_Call                 10016b34 f   libvcruntimed:_exsup_.obj
 0001:00015b36       __NLG_Return2              10016b36     libvcruntimed:_exsup_.obj
 0001:00015b40       ??$__crt_fast_decode_pointer@P6AXXZ@@YAP6AXXZQ6AXXZ@Z 10016b40 f i libvcruntimed:purevirt.obj
 0001:00015b70       ??$__crt_interlocked_compare_exchange_pointer@$$A6AXXZ$$T$$T@@YAP6AXXZPDS6AXXZ$$T1@Z 10016b70 f i libvcruntimed:purevirt.obj
 0001:00015b90       ??$__crt_interlocked_exchange_pointer@$$A6AXXZP6AXXZ@@YAP6AXXZPDS6AXXZQ6AXXZ@Z 10016b90 f i libvcruntimed:purevirt.obj
 0001:00015ba0       ??$__crt_interlocked_read_pointer@$$A6AXXZ@@YAP6AXXZPDS6AXXZ@Z 10016ba0 f i libvcruntimed:purevirt.obj
 0001:00015bc0       __get_purecall_handler     10016bc0 f   libvcruntimed:purevirt.obj
 0001:00015be0       __purecall                 10016be0 f   libvcruntimed:purevirt.obj
 0001:00015c10       __set_purecall_handler     10016c10 f   libvcruntimed:purevirt.obj
 0001:00015c40       ??$__crt_interlocked_read@J@@YAJPDJ@Z 10016c40 f i libucrtd:assert.obj
 0001:00015c60       ??$__vcrt_va_start_verify_argument_type@QB_W@@YAXXZ 10016c60 f i libucrtd:assert.obj
 0001:000176f0       ??$ftprintf@PAU_iobuf@@PBDABQBDABQBDABI@?$__crt_char_traits@D@@SAH$$QAPAU_iobuf@@$$QAPBDABQBD2ABI@Z 100186f0 f i libucrtd:assert.obj
 0001:00017720       ??$ftprintf@PAU_iobuf@@PB_WABQB_WABQB_WABI@?$__crt_char_traits@_W@@SAH$$QAPAU_iobuf@@$$QAPB_WABQB_W2ABI@Z 10018720 f i libucrtd:assert.obj
 0001:00017750       ??$get_module_file_name@AAPAUHINSTANCE__@@AAY0BAF@DK@?$__crt_char_traits@D@@SAKAAPAUHINSTANCE__@@AAY0BAF@D$$QAK@Z 10018750 f i libucrtd:assert.obj
 0001:00017770       ??$get_module_file_name@AAPAUHINSTANCE__@@AAY0BAF@_WK@?$__crt_char_traits@_W@@SAKAAPAUHINSTANCE__@@AAY0BAF@_W$$QAK@Z 10018770 f i libucrtd:assert.obj
 0001:00017790       ??$itot_s@ABIQAD$$CBIH@?$__crt_char_traits@D@@SAHABI$$QBQAD$$QBI$$QAH@Z 10018790 f i libucrtd:assert.obj
 0001:000177c0       ??$itot_s@ABIQA_W$$CBIH@?$__crt_char_traits@_W@@SAHABI$$QBQA_W$$QBI$$QAH@Z 100187c0 f i libucrtd:assert.obj
 0001:000177f0       ??$show_message_box@AAY0CEA@DPBDJ@?$__crt_char_traits@D@@SAHAAY0CEA@D$$QAPBD$$QAJ@Z 100187f0 f i libucrtd:assert.obj
 0001:00017810       ??$show_message_box@AAY0CEA@_WPB_WJ@?$__crt_char_traits@_W@@SAHAAY0CEA@_W$$QAPB_W$$QAJ@Z 10018810 f i libucrtd:assert.obj
 0001:00017830       ??$tcscat_s@ABQADABIAAPAD@?$__crt_char_traits@D@@SAHABQADABIAAPAD@Z 10018830 f i libucrtd:assert.obj
 0001:00017860       ??$tcscat_s@ABQADABIABQBD@?$__crt_char_traits@D@@SAHABQADABIABQBD@Z 10018860 f i libucrtd:assert.obj
 0001:00017890       ??$tcscat_s@ABQADABIPBD@?$__crt_char_traits@D@@SAHABQADABI$$QAPBD@Z 10018890 f i libucrtd:assert.obj
 0001:000178c0       ??$tcscat_s@ABQA_WABIAAPA_W@?$__crt_char_traits@_W@@SAHABQA_WABIAAPA_W@Z 100188c0 f i libucrtd:assert.obj
 0001:000178f0       ??$tcscat_s@ABQA_WABIABQB_W@?$__crt_char_traits@_W@@SAHABQA_WABIABQB_W@Z 100188f0 f i libucrtd:assert.obj
 0001:00017920       ??$tcscat_s@ABQA_WABIPB_W@?$__crt_char_traits@_W@@SAHABQA_WABI$$QAPB_W@Z 10018920 f i libucrtd:assert.obj
 0001:00017950       ??$tcscpy_s@AAY0BAF@DIPBD@?$__crt_char_traits@D@@SAHAAY0BAF@D$$QAI$$QAPBD@Z 10018950 f i libucrtd:assert.obj
 0001:00017970       ??$tcscpy_s@AAY0BAF@_WIPB_W@?$__crt_char_traits@_W@@SAHAAY0BAF@_W$$QAI$$QAPB_W@Z 10018970 f i libucrtd:assert.obj
 0001:00017990       ??$tcscpy_s@ABQADABIPBD@?$__crt_char_traits@D@@SAHABQADABI$$QAPBD@Z 10018990 f i libucrtd:assert.obj
 0001:000179c0       ??$tcscpy_s@ABQA_WABIPB_W@?$__crt_char_traits@_W@@SAHABQA_WABI$$QAPB_W@Z 100189c0 f i libucrtd:assert.obj
 0001:000179f0       ??$tcslen@AAY0BAF@D@?$__crt_char_traits@D@@SAIAAY0BAF@D@Z 100189f0 f i libucrtd:assert.obj
 0001:00017a10       ??$tcslen@AAY0BAF@_W@?$__crt_char_traits@_W@@SAIAAY0BAF@_W@Z 10018a10 f i libucrtd:assert.obj
 0001:00017a30       ??$tcslen@ABQAD@?$__crt_char_traits@D@@SAIABQAD@Z 10018a30 f i libucrtd:assert.obj
 0001:00017a50       ??$tcslen@ABQA_W@?$__crt_char_traits@_W@@SAIABQA_W@Z 10018a50 f i libucrtd:assert.obj
 0001:00017a70       ??$tcslen@ABQBD@?$__crt_char_traits@D@@SAIABQBD@Z 10018a70 f i libucrtd:assert.obj
 0001:00017a90       ??$tcslen@ABQB_W@?$__crt_char_traits@_W@@SAIABQB_W@Z 10018a90 f i libucrtd:assert.obj
 0001:00017ab0       ??$tcsncat_s@ABQADABIAAPBD$$CBI@?$__crt_char_traits@D@@SAHABQADABIAAPBD$$QBI@Z 10018ab0 f i libucrtd:assert.obj
 0001:00017ae0       ??$tcsncat_s@ABQADABIABQBDABI@?$__crt_char_traits@D@@SAHABQADABIABQBD1@Z 10018ae0 f i libucrtd:assert.obj
 0001:00017b10       ??$tcsncat_s@ABQADABIPBD$$CBI@?$__crt_char_traits@D@@SAHABQADABI$$QAPBD$$QBI@Z 10018b10 f i libucrtd:assert.obj
 0001:00017b40       ??$tcsncat_s@ABQA_WABIAAPB_W$$CBI@?$__crt_char_traits@_W@@SAHABQA_WABIAAPB_W$$QBI@Z 10018b40 f i libucrtd:assert.obj
 0001:00017b70       ??$tcsncat_s@ABQA_WABIABQB_WABI@?$__crt_char_traits@_W@@SAHABQA_WABIABQB_W1@Z 10018b70 f i libucrtd:assert.obj
 0001:00017ba0       ??$tcsncat_s@ABQA_WABIPB_W$$CBI@?$__crt_char_traits@_W@@SAHABQA_WABI$$QAPB_W$$QBI@Z 10018ba0 f i libucrtd:assert.obj
 0001:00017bd0       ??0__crt_stdio_stream@@QAE@QAU_iobuf@@@Z 10018bd0 f i libucrtd:assert.obj
 0001:00017bf0       ?__crt_interlocked_read_32@@YAHPDH@Z 10018bf0 f i libucrtd:assert.obj
 0001:00017de0       ?get_flags@__crt_stdio_stream@@QBEJXZ 10018de0 f i libucrtd:assert.obj
 0001:00017ec0       ?has_any_buffer@__crt_stdio_stream@@QBE_NXZ 10018ec0 f i libucrtd:assert.obj
 0001:00017ee0       ?has_any_of@__crt_stdio_stream@@QBE_NJ@Z 10018ee0 f i libucrtd:assert.obj
 0001:00017f20       __assert                   10018f20 f   libucrtd:assert.obj
 0001:00017f40       __invoke_watson_if_error   10018f40 f i libucrtd:assert.obj
 0001:00017f70       __vfwprintf_l              10018f70 f i libucrtd:assert.obj
 0001:00017fa0       __vswprintf_c_l            10018fa0 f i libucrtd:assert.obj
 0001:00017ff0       __wassert                  10018ff0 f   libucrtd:assert.obj
 0001:00018010       _fwprintf                  10019010 f i libucrtd:assert.obj
 0001:00018160       _swprintf                  10019160 f i libucrtd:assert.obj
 0001:000181a0       ??$?RPAU__crt_stdio_stream_data@@@__crt_internal_free_policy@@QBEXQBQAU__crt_stdio_stream_data@@@Z 100191a0 f i libucrtd:_file.obj
 0001:000181c0       ??0?$__crt_unique_heap_ptr@PAU__crt_stdio_stream_data@@U__crt_internal_free_policy@@@@QAE@QAPAU__crt_stdio_stream_data@@@Z 100191c0 f i libucrtd:_file.obj
 0001:000181e0       ??1?$__crt_unique_heap_ptr@PAU__crt_stdio_stream_data@@U__crt_internal_free_policy@@@@QAE@XZ 100191e0 f i libucrtd:_file.obj
 0001:00018200       ??C__crt_stdio_stream@@QBEPAU__crt_stdio_stream_data@@XZ 10019200 f i libucrtd:_file.obj
 0001:00018220       ?detach@?$__crt_unique_heap_ptr@PAU__crt_stdio_stream_data@@U__crt_internal_free_policy@@@@QAEPAPAU__crt_stdio_stream_data@@XZ 10019220 f i libucrtd:_file.obj
 0001:00018250       ?release@?$__crt_unique_heap_ptr@PAU__crt_stdio_stream_data@@U__crt_internal_free_policy@@@@QAEXXZ 10019250 f i libucrtd:_file.obj
 0001:00018280       ___acrt_initialize_stdio   10019280 f   libucrtd:_file.obj
 0001:000183f0       ___acrt_iob_func           100193f0 f   libucrtd:_file.obj
 0001:00018400       ___acrt_uninitialize_stdio 10019400 f   libucrtd:_file.obj
 0001:00018480       __get_stream_buffer_pointers 10019480 f   libucrtd:_file.obj
 0001:00018560       __lock_file                10019560 f   libucrtd:_file.obj
 0001:00018590       __unlock_file              10019590 f   libucrtd:_file.obj
 0001:000185c0       ??$?0ABV?$stream_output_adapter@D@__crt_stdio_output@@AB_KABQBDABQAU__crt_locale_pointers@@ABQAD@?$format_validation_base@DV?$stream_output_adapter@D@__crt_stdio_output@@@__crt_stdio_output@@IAE@ABV?$stream_output_adapter@D@1@AB_KABQBDABQAU__crt_locale_pointers@@ABQAD@Z 100195c0 f i libucrtd:output.obj
 0001:000185f0       ??$?0ABV?$stream_output_adapter@D@__crt_stdio_output@@AB_KABQBDABQAU__crt_locale_pointers@@ABQAD@?$positional_parameter_base@DV?$stream_output_adapter@D@__crt_stdio_output@@@__crt_stdio_output@@IAE@ABV?$stream_output_adapter@D@1@AB_KABQBDABQAU__crt_locale_pointers@@ABQAD@Z 100195f0 f i libucrtd:output.obj
 0001:00018670       ??$?0ABV?$stream_output_adapter@D@__crt_stdio_output@@AB_KABQBDABQAU__crt_locale_pointers@@ABQAD@?$standard_base@DV?$stream_output_adapter@D@__crt_stdio_output@@@__crt_stdio_output@@IAE@ABV?$stream_output_adapter@D@1@AB_KABQBDABQAU__crt_locale_pointers@@ABQAD@Z 10019670 f i libucrtd:output.obj
 0001:000186c0       ??$?0ABV?$stream_output_adapter@_W@__crt_stdio_output@@AB_KABQB_WABQAU__crt_locale_pointers@@ABQAD@?$format_validation_base@_WV?$stream_output_adapter@_W@__crt_stdio_output@@@__crt_stdio_output@@IAE@ABV?$stream_output_adapter@_W@1@AB_KABQB_WABQAU__crt_locale_pointers@@ABQAD@Z 100196c0 f i libucrtd:output.obj
 0001:000186f0       ??$?0ABV?$stream_output_adapter@_W@__crt_stdio_output@@AB_KABQB_WABQAU__crt_locale_pointers@@ABQAD@?$positional_parameter_base@_WV?$stream_output_adapter@_W@__crt_stdio_output@@@__crt_stdio_output@@IAE@ABV?$stream_output_adapter@_W@1@AB_KABQB_WABQAU__crt_locale_pointers@@ABQAD@Z 100196f0 f i libucrtd:output.obj
 0001:00018770       ??$?0ABV?$stream_output_adapter@_W@__crt_stdio_output@@AB_KABQB_WABQAU__crt_locale_pointers@@ABQAD@?$standard_base@_WV?$stream_output_adapter@_W@__crt_stdio_output@@@__crt_stdio_output@@IAE@ABV?$stream_output_adapter@_W@1@AB_KABQB_WABQAU__crt_locale_pointers@@ABQAD@Z 10019770 f i libucrtd:output.obj
 0001:000187c0       ??$?0ABV?$string_output_adapter@D@__crt_stdio_output@@AB_KABQBDABQAU__crt_locale_pointers@@ABQAD@?$format_validation_base@DV?$string_output_adapter@D@__crt_stdio_output@@@__crt_stdio_output@@IAE@ABV?$string_output_adapter@D@1@AB_KABQBDABQAU__crt_locale_pointers@@ABQAD@Z 100197c0 f i libucrtd:output.obj
 0001:000187f0       ??$?0ABV?$string_output_adapter@D@__crt_stdio_output@@AB_KABQBDABQAU__crt_locale_pointers@@ABQAD@?$positional_parameter_base@DV?$string_output_adapter@D@__crt_stdio_output@@@__crt_stdio_output@@IAE@ABV?$string_output_adapter@D@1@AB_KABQBDABQAU__crt_locale_pointers@@ABQAD@Z 100197f0 f i libucrtd:output.obj
 0001:00018870       ??$?0ABV?$string_output_adapter@D@__crt_stdio_output@@AB_KABQBDABQAU__crt_locale_pointers@@ABQAD@?$standard_base@DV?$string_output_adapter@D@__crt_stdio_output@@@__crt_stdio_output@@IAE@ABV?$string_output_adapter@D@1@AB_KABQBDABQAU__crt_locale_pointers@@ABQAD@Z 10019870 f i libucrtd:output.obj
 0001:000188c0       ??$?0ABV?$string_output_adapter@_W@__crt_stdio_output@@AB_KABQB_WABQAU__crt_locale_pointers@@ABQAD@?$format_validation_base@_WV?$string_output_adapter@_W@__crt_stdio_output@@@__crt_stdio_output@@IAE@ABV?$string_output_adapter@_W@1@AB_KABQB_WABQAU__crt_locale_pointers@@ABQAD@Z 100198c0 f i libucrtd:output.obj
 0001:000188f0       ??$?0ABV?$string_output_adapter@_W@__crt_stdio_output@@AB_KABQB_WABQAU__crt_locale_pointers@@ABQAD@?$positional_parameter_base@_WV?$string_output_adapter@_W@__crt_stdio_output@@@__crt_stdio_output@@IAE@ABV?$string_output_adapter@_W@1@AB_KABQB_WABQAU__crt_locale_pointers@@ABQAD@Z 100198f0 f i libucrtd:output.obj
 0001:00018970       ??$?0ABV?$string_output_adapter@_W@__crt_stdio_output@@AB_KABQB_WABQAU__crt_locale_pointers@@ABQAD@?$standard_base@_WV?$string_output_adapter@_W@__crt_stdio_output@@@__crt_stdio_output@@IAE@ABV?$string_output_adapter@_W@1@AB_KABQB_WABQAU__crt_locale_pointers@@ABQAD@Z 10019970 f i libucrtd:output.obj
 0001:000189c0       ??$?RV<lambda_2293f24e3ce1ad6fe22ccfb9dec07671>@@AAV<lambda_2565fc715a641e539f44ad02d6823606>@@V<lambda_d3217f279b832965d9ca670dc2993570>@@@?$__crt_seh_guarded_call@H@@QAEH$$QAV<lambda_2293f24e3ce1ad6fe22ccfb9dec07671>@@AAV<lambda_2565fc715a641e539f44ad02d6823606>@@$$QAV<lambda_d3217f279b832965d9ca670dc2993570>@@@Z 100199c0 f i libucrtd:output.obj
 0001:00018a50       ??$?RV<lambda_4d4ac866be0fa3c441830420fabdd2cb>@@AAV<lambda_63a10c2dc8dbb9e4dd1890be52af7c93>@@V<lambda_002af9fa0f8fe472b648c51882d4fc32>@@@?$__crt_seh_guarded_call@H@@QAEH$$QAV<lambda_4d4ac866be0fa3c441830420fabdd2cb>@@AAV<lambda_63a10c2dc8dbb9e4dd1890be52af7c93>@@$$QAV<lambda_002af9fa0f8fe472b648c51882d4fc32>@@@Z 10019a50 f i libucrtd:output.obj
 0001:00018ae0       ??$?RV<lambda_5be909dfbae0a631386585770cd7b676>@@AAV<lambda_e516058a9c289d98c8ca9fea99247804>@@V<lambda_afe2e0cdc5e0ecf6f0d6f5e2f8985e38>@@@?$__crt_seh_guarded_call@H@@QAEH$$QAV<lambda_5be909dfbae0a631386585770cd7b676>@@AAV<lambda_e516058a9c289d98c8ca9fea99247804>@@$$QAV<lambda_afe2e0cdc5e0ecf6f0d6f5e2f8985e38>@@@Z 10019ae0 f i libucrtd:output.obj
 0001:00018b70       ??$?RV<lambda_823d65812123d985753d53e2a8c25d20>@@AAV<lambda_0a97c9e57da7be065955385c79108ff2>@@V<lambda_4d2973f3ad2d226f00468307185dca1b>@@@?$__crt_seh_guarded_call@H@@QAEH$$QAV<lambda_823d65812123d985753d53e2a8c25d20>@@AAV<lambda_0a97c9e57da7be065955385c79108ff2>@@$$QAV<lambda_4d2973f3ad2d226f00468307185dca1b>@@@Z 10019b70 f i libucrtd:output.obj
 0001:00018c00       ??$?RV<lambda_ab9923ffb5d694ec0d78876dd103e44f>@@AAV<lambda_481dd5778c961fbcd3b60b650e9b9dc4>@@V<lambda_7923d86c9e3f319b415918ec4b39749c>@@@?$__crt_seh_guarded_call@H@@QAEH$$QAV<lambda_ab9923ffb5d694ec0d78876dd103e44f>@@AAV<lambda_481dd5778c961fbcd3b60b650e9b9dc4>@@$$QAV<lambda_7923d86c9e3f319b415918ec4b39749c>@@@Z 10019c00 f i libucrtd:output.obj
 0001:00018c90       ??$?RV<lambda_db08b09ef7aa9d4f8620ce68402612bc>@@AAV<lambda_4f2c1eaeead2a5fc776db5b62ea0fb9b>@@V<lambda_3ae262bc35d4ba6a3825c4f6bcaaf95c>@@@?$__crt_seh_guarded_call@H@@QAEH$$QAV<lambda_db08b09ef7aa9d4f8620ce68402612bc>@@AAV<lambda_4f2c1eaeead2a5fc776db5b62ea0fb9b>@@$$QAV<lambda_3ae262bc35d4ba6a3825c4f6bcaaf95c>@@@Z 10019c90 f i libucrtd:output.obj
 0001:00018d20       ??$__acrt_lock_stream_and_call@V<lambda_0a97c9e57da7be065955385c79108ff2>@@@@YAHQAU_iobuf@@$$QAV<lambda_0a97c9e57da7be065955385c79108ff2>@@@Z 10019d20 f i libucrtd:output.obj
 0001:00018d60       ??$__acrt_lock_stream_and_call@V<lambda_2565fc715a641e539f44ad02d6823606>@@@@YAHQAU_iobuf@@$$QAV<lambda_2565fc715a641e539f44ad02d6823606>@@@Z 10019d60 f i libucrtd:output.obj
 0001:00018da0       ??$__acrt_lock_stream_and_call@V<lambda_481dd5778c961fbcd3b60b650e9b9dc4>@@@@YAHQAU_iobuf@@$$QAV<lambda_481dd5778c961fbcd3b60b650e9b9dc4>@@@Z 10019da0 f i libucrtd:output.obj
 0001:00018de0       ??$__acrt_lock_stream_and_call@V<lambda_4f2c1eaeead2a5fc776db5b62ea0fb9b>@@@@YAHQAU_iobuf@@$$QAV<lambda_4f2c1eaeead2a5fc776db5b62ea0fb9b>@@@Z 10019de0 f i libucrtd:output.obj
 0001:00018e20       ??$__acrt_lock_stream_and_call@V<lambda_63a10c2dc8dbb9e4dd1890be52af7c93>@@@@YAHQAU_iobuf@@$$QAV<lambda_63a10c2dc8dbb9e4dd1890be52af7c93>@@@Z 10019e20 f i libucrtd:output.obj
 0001:00018e60       ??$__acrt_lock_stream_and_call@V<lambda_e516058a9c289d98c8ca9fea99247804>@@@@YAHQAU_iobuf@@$$QAV<lambda_e516058a9c289d98c8ca9fea99247804>@@@Z 10019e60 f i libucrtd:output.obj
 0001:0001bc20       ??$count@D@formatting_buffer@__crt_stdio_output@@QBEIXZ 1001cc20 f i libucrtd:output.obj
 0001:0001bc60       ??$data@D@formatting_buffer@__crt_stdio_output@@QAEPADXZ 1001cc60 f i libucrtd:output.obj
 0001:0001bca0       ??$data@_W@formatting_buffer@__crt_stdio_output@@QAEPA_WXZ 1001cca0 f i libucrtd:output.obj
 0001:0001bce0       ??$ensure_buffer_is_big_enough@D@formatting_buffer@__crt_stdio_output@@QAE_NI@Z 1001cce0 f i libucrtd:output.obj
 0001:0001bdc0       ??$extract_argument_from_va_list@C_J@?$positional_parameter_base@DV?$stream_output_adapter@D@__crt_stdio_output@@@__crt_stdio_output@@IAE_NAA_J@Z 1001cdc0 f i libucrtd:output.obj
 0001:0001bf00       ??$extract_argument_from_va_list@C_J@?$positional_parameter_base@DV?$string_output_adapter@D@__crt_stdio_output@@@__crt_stdio_output@@IAE_NAA_J@Z 1001cf00 f i libucrtd:output.obj
 0001:0001c040       ??$extract_argument_from_va_list@C_J@?$positional_parameter_base@_WV?$stream_output_adapter@_W@__crt_stdio_output@@@__crt_stdio_output@@IAE_NAA_J@Z 1001d040 f i libucrtd:output.obj
 0001:0001c180       ??$extract_argument_from_va_list@C_J@?$positional_parameter_base@_WV?$string_output_adapter@_W@__crt_stdio_output@@@__crt_stdio_output@@IAE_NAA_J@Z 1001d180 f i libucrtd:output.obj
 0001:0001c2c0       ??$extract_argument_from_va_list@C_J@?$standard_base@DV?$stream_output_adapter@D@__crt_stdio_output@@@__crt_stdio_output@@IAE_NAA_J@Z 1001d2c0 f i libucrtd:output.obj
 0001:0001c2f0       ??$extract_argument_from_va_list@C_J@?$standard_base@DV?$string_output_adapter@D@__crt_stdio_output@@@__crt_stdio_output@@IAE_NAA_J@Z 1001d2f0 f i libucrtd:output.obj
 0001:0001c320       ??$extract_argument_from_va_list@C_J@?$standard_base@_WV?$stream_output_adapter@_W@__crt_stdio_output@@@__crt_stdio_output@@IAE_NAA_J@Z 1001d320 f i libucrtd:output.obj
 0001:0001c350       ??$extract_argument_from_va_list@C_J@?$standard_base@_WV?$string_output_adapter@_W@__crt_stdio_output@@@__crt_stdio_output@@IAE_NAA_J@Z 1001d350 f i libucrtd:output.obj
 0001:0001c380       ??$extract_argument_from_va_list@E_J@?$positional_parameter_base@DV?$stream_output_adapter@D@__crt_stdio_output@@@__crt_stdio_output@@IAE_NAA_J@Z 1001d380 f i libucrtd:output.obj
 0001:0001c4c0       ??$extract_argument_from_va_list@E_J@?$positional_parameter_base@DV?$string_output_adapter@D@__crt_stdio_output@@@__crt_stdio_output@@IAE_NAA_J@Z 1001d4c0 f i libucrtd:output.obj
 0001:0001c600       ??$extract_argument_from_va_list@E_J@?$positional_parameter_base@_WV?$stream_output_adapter@_W@__crt_stdio_output@@@__crt_stdio_output@@IAE_NAA_J@Z 1001d600 f i libucrtd:output.obj
 0001:0001c740       ??$extract_argument_from_va_list@E_J@?$positional_parameter_base@_WV?$string_output_adapter@_W@__crt_stdio_output@@@__crt_stdio_output@@IAE_NAA_J@Z 1001d740 f i libucrtd:output.obj
 0001:0001c880       ??$extract_argument_from_va_list@E_J@?$standard_base@DV?$stream_output_adapter@D@__crt_stdio_output@@@__crt_stdio_output@@IAE_NAA_J@Z 1001d880 f i libucrtd:output.obj
 0001:0001c8b0       ??$extract_argument_from_va_list@E_J@?$standard_base@DV?$string_output_adapter@D@__crt_stdio_output@@@__crt_stdio_output@@IAE_NAA_J@Z 1001d8b0 f i libucrtd:output.obj
 0001:0001c8e0       ??$extract_argument_from_va_list@E_J@?$standard_base@_WV?$stream_output_adapter@_W@__crt_stdio_output@@@__crt_stdio_output@@IAE_NAA_J@Z 1001d8e0 f i libucrtd:output.obj
 0001:0001c910       ??$extract_argument_from_va_list@E_J@?$standard_base@_WV?$string_output_adapter@_W@__crt_stdio_output@@@__crt_stdio_output@@IAE_NAA_J@Z 1001d910 f i libucrtd:output.obj
 0001:0001c940       ??$extract_argument_from_va_list@F_J@?$positional_parameter_base@DV?$stream_output_adapter@D@__crt_stdio_output@@@__crt_stdio_output@@IAE_NAA_J@Z 1001d940 f i libucrtd:output.obj
 0001:0001ca70       ??$extract_argument_from_va_list@F_J@?$positional_parameter_base@DV?$string_output_adapter@D@__crt_stdio_output@@@__crt_stdio_output@@IAE_NAA_J@Z 1001da70 f i libucrtd:output.obj
 0001:0001cba0       ??$extract_argument_from_va_list@F_J@?$positional_parameter_base@_WV?$stream_output_adapter@_W@__crt_stdio_output@@@__crt_stdio_output@@IAE_NAA_J@Z 1001dba0 f i libucrtd:output.obj
 0001:0001ccd0       ??$extract_argument_from_va_list@F_J@?$positional_parameter_base@_WV?$string_output_adapter@_W@__crt_stdio_output@@@__crt_stdio_output@@IAE_NAA_J@Z 1001dcd0 f i libucrtd:output.obj
 0001:0001ce00       ??$extract_argument_from_va_list@F_J@?$standard_base@DV?$stream_output_adapter@D@__crt_stdio_output@@@__crt_stdio_output@@IAE_NAA_J@Z 1001de00 f i libucrtd:output.obj
 0001:0001ce30       ??$extract_argument_from_va_list@F_J@?$standard_base@DV?$string_output_adapter@D@__crt_stdio_output@@@__crt_stdio_output@@IAE_NAA_J@Z 1001de30 f i libucrtd:output.obj
 0001:0001ce60       ??$extract_argument_from_va_list@F_J@?$standard_base@_WV?$stream_output_adapter@_W@__crt_stdio_output@@@__crt_stdio_output@@IAE_NAA_J@Z 1001de60 f i libucrtd:output.obj
 0001:0001ce90       ??$extract_argument_from_va_list@F_J@?$standard_base@_WV?$string_output_adapter@_W@__crt_stdio_output@@@__crt_stdio_output@@IAE_NAA_J@Z 1001de90 f i libucrtd:output.obj
 0001:0001cec0       ??$extract_argument_from_va_list@GD@?$positional_parameter_base@DV?$stream_output_adapter@D@__crt_stdio_output@@@__crt_stdio_output@@IAE_NAAD@Z 1001dec0 f i libucrtd:output.obj
 0001:0001cff0       ??$extract_argument_from_va_list@GD@?$positional_parameter_base@DV?$string_output_adapter@D@__crt_stdio_output@@@__crt_stdio_output@@IAE_NAAD@Z 1001dff0 f i libucrtd:output.obj
 0001:0001d120       ??$extract_argument_from_va_list@GD@?$standard_base@DV?$stream_output_adapter@D@__crt_stdio_output@@@__crt_stdio_output@@IAE_NAAD@Z 1001e120 f i libucrtd:output.obj
 0001:0001d150       ??$extract_argument_from_va_list@GD@?$standard_base@DV?$string_output_adapter@D@__crt_stdio_output@@@__crt_stdio_output@@IAE_NAAD@Z 1001e150 f i libucrtd:output.obj
 0001:0001d180       ??$extract_argument_from_va_list@G_J@?$positional_parameter_base@DV?$stream_output_adapter@D@__crt_stdio_output@@@__crt_stdio_output@@IAE_NAA_J@Z 1001e180 f i libucrtd:output.obj
 0001:0001d2c0       ??$extract_argument_from_va_list@G_J@?$positional_parameter_base@DV?$string_output_adapter@D@__crt_stdio_output@@@__crt_stdio_output@@IAE_NAA_J@Z 1001e2c0 f i libucrtd:output.obj
 0001:0001d400       ??$extract_argument_from_va_list@G_J@?$positional_parameter_base@_WV?$stream_output_adapter@_W@__crt_stdio_output@@@__crt_stdio_output@@IAE_NAA_J@Z 1001e400 f i libucrtd:output.obj
 0001:0001d540       ??$extract_argument_from_va_list@G_J@?$positional_parameter_base@_WV?$string_output_adapter@_W@__crt_stdio_output@@@__crt_stdio_output@@IAE_NAA_J@Z 1001e540 f i libucrtd:output.obj
 0001:0001d680       ??$extract_argument_from_va_list@G_J@?$standard_base@DV?$stream_output_adapter@D@__crt_stdio_output@@@__crt_stdio_output@@IAE_NAA_J@Z 1001e680 f i libucrtd:output.obj
 0001:0001d6b0       ??$extract_argument_from_va_list@G_J@?$standard_base@DV?$string_output_adapter@D@__crt_stdio_output@@@__crt_stdio_output@@IAE_NAA_J@Z 1001e6b0 f i libucrtd:output.obj
 0001:0001d6e0       ??$extract_argument_from_va_list@G_J@?$standard_base@_WV?$stream_output_adapter@_W@__crt_stdio_output@@@__crt_stdio_output@@IAE_NAA_J@Z 1001e6e0 f i libucrtd:output.obj
 0001:0001d710       ??$extract_argument_from_va_list@G_J@?$standard_base@_WV?$string_output_adapter@_W@__crt_stdio_output@@@__crt_stdio_output@@IAE_NAA_J@Z 1001e710 f i libucrtd:output.obj
 0001:0001d740       ??$extract_argument_from_va_list@H_J@?$positional_parameter_base@DV?$stream_output_adapter@D@__crt_stdio_output@@@__crt_stdio_output@@IAE_NAA_J@Z 1001e740 f i libucrtd:output.obj
 0001:0001d870       ??$extract_argument_from_va_list@H_J@?$positional_parameter_base@DV?$string_output_adapter@D@__crt_stdio_output@@@__crt_stdio_output@@IAE_NAA_J@Z 1001e870 f i libucrtd:output.obj
 0001:0001d9a0       ??$extract_argument_from_va_list@H_J@?$positional_parameter_base@_WV?$stream_output_adapter@_W@__crt_stdio_output@@@__crt_stdio_output@@IAE_NAA_J@Z 1001e9a0 f i libucrtd:output.obj
 0001:0001dad0       ??$extract_argument_from_va_list@H_J@?$positional_parameter_base@_WV?$string_output_adapter@_W@__crt_stdio_output@@@__crt_stdio_output@@IAE_NAA_J@Z 1001ead0 f i libucrtd:output.obj
 0001:0001dc00       ??$extract_argument_from_va_list@H_J@?$standard_base@DV?$stream_output_adapter@D@__crt_stdio_output@@@__crt_stdio_output@@IAE_NAA_J@Z 1001ec00 f i libucrtd:output.obj
 0001:0001dc30       ??$extract_argument_from_va_list@H_J@?$standard_base@DV?$string_output_adapter@D@__crt_stdio_output@@@__crt_stdio_output@@IAE_NAA_J@Z 1001ec30 f i libucrtd:output.obj
 0001:0001dc60       ??$extract_argument_from_va_list@H_J@?$standard_base@_WV?$stream_output_adapter@_W@__crt_stdio_output@@@__crt_stdio_output@@IAE_NAA_J@Z 1001ec60 f i libucrtd:output.obj
 0001:0001dc90       ??$extract_argument_from_va_list@H_J@?$standard_base@_WV?$string_output_adapter@_W@__crt_stdio_output@@@__crt_stdio_output@@IAE_NAA_J@Z 1001ec90 f i libucrtd:output.obj
 0001:0001dcc0       ??$extract_argument_from_va_list@I_J@?$positional_parameter_base@DV?$stream_output_adapter@D@__crt_stdio_output@@@__crt_stdio_output@@IAE_NAA_J@Z 1001ecc0 f i libucrtd:output.obj
 0001:0001ddf0       ??$extract_argument_from_va_list@I_J@?$positional_parameter_base@DV?$string_output_adapter@D@__crt_stdio_output@@@__crt_stdio_output@@IAE_NAA_J@Z 1001edf0 f i libucrtd:output.obj
 0001:0001df20       ??$extract_argument_from_va_list@I_J@?$positional_parameter_base@_WV?$stream_output_adapter@_W@__crt_stdio_output@@@__crt_stdio_output@@IAE_NAA_J@Z 1001ef20 f i libucrtd:output.obj
 0001:0001e050       ??$extract_argument_from_va_list@I_J@?$positional_parameter_base@_WV?$string_output_adapter@_W@__crt_stdio_output@@@__crt_stdio_output@@IAE_NAA_J@Z 1001f050 f i libucrtd:output.obj
 0001:0001e180       ??$extract_argument_from_va_list@I_J@?$standard_base@DV?$stream_output_adapter@D@__crt_stdio_output@@@__crt_stdio_output@@IAE_NAA_J@Z 1001f180 f i libucrtd:output.obj
 0001:0001e1b0       ??$extract_argument_from_va_list@I_J@?$standard_base@DV?$string_output_adapter@D@__crt_stdio_output@@@__crt_stdio_output@@IAE_NAA_J@Z 1001f1b0 f i libucrtd:output.obj
 0001:0001e1e0       ??$extract_argument_from_va_list@I_J@?$standard_base@_WV?$stream_output_adapter@_W@__crt_stdio_output@@@__crt_stdio_output@@IAE_NAA_J@Z 1001f1e0 f i libucrtd:output.obj
 0001:0001e210       ??$extract_argument_from_va_list@I_J@?$standard_base@_WV?$string_output_adapter@_W@__crt_stdio_output@@@__crt_stdio_output@@IAE_NAA_J@Z 1001f210 f i libucrtd:output.obj
 0001:0001e240       ??$extract_argument_from_va_list@PADPAD@?$positional_parameter_base@DV?$stream_output_adapter@D@__crt_stdio_output@@@__crt_stdio_output@@IAE_NAAPAD@Z 1001f240 f i libucrtd:output.obj
 0001:0001e370       ??$extract_argument_from_va_list@PADPAD@?$positional_parameter_base@DV?$string_output_adapter@D@__crt_stdio_output@@@__crt_stdio_output@@IAE_NAAPAD@Z 1001f370 f i libucrtd:output.obj
 0001:0001e4a0       ??$extract_argument_from_va_list@PADPAD@?$positional_parameter_base@_WV?$stream_output_adapter@_W@__crt_stdio_output@@@__crt_stdio_output@@IAE_NAAPAD@Z 1001f4a0 f i libucrtd:output.obj
 0001:0001e5d0       ??$extract_argument_from_va_list@PADPAD@?$positional_parameter_base@_WV?$string_output_adapter@_W@__crt_stdio_output@@@__crt_stdio_output@@IAE_NAAPAD@Z 1001f5d0 f i libucrtd:output.obj
 0001:0001e700       ??$extract_argument_from_va_list@PADPAD@?$standard_base@DV?$stream_output_adapter@D@__crt_stdio_output@@@__crt_stdio_output@@IAE_NAAPAD@Z 1001f700 f i libucrtd:output.obj
 0001:0001e730       ??$extract_argument_from_va_list@PADPAD@?$standard_base@DV?$string_output_adapter@D@__crt_stdio_output@@@__crt_stdio_output@@IAE_NAAPAD@Z 1001f730 f i libucrtd:output.obj
 0001:0001e760       ??$extract_argument_from_va_list@PADPAD@?$standard_base@_WV?$stream_output_adapter@_W@__crt_stdio_output@@@__crt_stdio_output@@IAE_NAAPAD@Z 1001f760 f i libucrtd:output.obj
 0001:0001e790       ??$extract_argument_from_va_list@PADPAD@?$standard_base@_WV?$string_output_adapter@_W@__crt_stdio_output@@@__crt_stdio_output@@IAE_NAAPAD@Z 1001f790 f i libucrtd:output.obj
 0001:0001e7c0       ??$extract_argument_from_va_list@PAUansi_string@?1??type_case_Z@?$output_processor@DV?$stream_output_adapter@D@__crt_stdio_output@@V?$format_validation_base@DV?$stream_output_adapter@D@__crt_stdio_output@@@2@@__crt_stdio_output@@AAE_NXZ@PAU1?1??234@AAE_NXZ@@?$standard_base@DV?$stream_output_adapter@D@__crt_stdio_output@@@__crt_stdio_output@@IAE_NAAPAUansi_string@?1??type_case_Z@?$output_processor@DV?$stream_output_adapter@D@__crt_stdio_output@@V?$format_validation_base@DV?$stream_output_adapter@D@__crt_stdio_output@@@2@@1@AAE_NXZ@@Z 1001f7c0 f i libucrtd:output.obj
 0001:0001e7f0       ??$extract_argument_from_va_list@PAUansi_string@?1??type_case_Z@?$output_processor@DV?$stream_output_adapter@D@__crt_stdio_output@@V?$positional_parameter_base@DV?$stream_output_adapter@D@__crt_stdio_output@@@2@@__crt_stdio_output@@AAE_NXZ@PAU1?1??234@AAE_NXZ@@?$positional_parameter_base@DV?$stream_output_adapter@D@__crt_stdio_output@@@__crt_stdio_output@@IAE_NAAPAUansi_string@?1??type_case_Z@?$output_processor@DV?$stream_output_adapter@D@__crt_stdio_output@@V?$positional_parameter_base@DV?$stream_output_adapter@D@__crt_stdio_output@@@2@@1@AAE_NXZ@@Z 1001f7f0 f i libucrtd:output.obj
 0001:0001e920       ??$extract_argument_from_va_list@PAUansi_string@?1??type_case_Z@?$output_processor@DV?$stream_output_adapter@D@__crt_stdio_output@@V?$positional_parameter_base@DV?$stream_output_adapter@D@__crt_stdio_output@@@2@@__crt_stdio_output@@AAE_NXZ@PAU1?1??234@AAE_NXZ@@?$standard_base@DV?$stream_output_adapter@D@__crt_stdio_output@@@__crt_stdio_output@@IAE_NAAPAUansi_string@?1??type_case_Z@?$output_processor@DV?$stream_output_adapter@D@__crt_stdio_output@@V?$positional_parameter_base@DV?$stream_output_adapter@D@__crt_stdio_output@@@2@@1@AAE_NXZ@@Z 1001f920 f i libucrtd:output.obj
 0001:0001e950       ??$extract_argument_from_va_list@PAUansi_string@?1??type_case_Z@?$output_processor@DV?$stream_output_adapter@D@__crt_stdio_output@@V?$standard_base@DV?$stream_output_adapter@D@__crt_stdio_output@@@2@@__crt_stdio_output@@AAE_NXZ@PAU1?1??234@AAE_NXZ@@?$standard_base@DV?$stream_output_adapter@D@__crt_stdio_output@@@__crt_stdio_output@@IAE_NAAPAUansi_string@?1??type_case_Z@?$output_processor@DV?$stream_output_adapter@D@__crt_stdio_output@@V?$standard_base@DV?$stream_output_adapter@D@__crt_stdio_output@@@2@@1@AAE_NXZ@@Z 1001f950 f i libucrtd:output.obj
 0001:0001e980       ??$extract_argument_from_va_list@PAUansi_string@?1??type_case_Z@?$output_processor@DV?$string_output_adapter@D@__crt_stdio_output@@V?$format_validation_base@DV?$string_output_adapter@D@__crt_stdio_output@@@2@@__crt_stdio_output@@AAE_NXZ@PAU1?1??234@AAE_NXZ@@?$standard_base@DV?$string_output_adapter@D@__crt_stdio_output@@@__crt_stdio_output@@IAE_NAAPAUansi_string@?1??type_case_Z@?$output_processor@DV?$string_output_adapter@D@__crt_stdio_output@@V?$format_validation_base@DV?$string_output_adapter@D@__crt_stdio_output@@@2@@1@AAE_NXZ@@Z 1001f980 f i libucrtd:output.obj
 0001:0001e9b0       ??$extract_argument_from_va_list@PAUansi_string@?1??type_case_Z@?$output_processor@DV?$string_output_adapter@D@__crt_stdio_output@@V?$positional_parameter_base@DV?$string_output_adapter@D@__crt_stdio_output@@@2@@__crt_stdio_output@@AAE_NXZ@PAU1?1??234@AAE_NXZ@@?$positional_parameter_base@DV?$string_output_adapter@D@__crt_stdio_output@@@__crt_stdio_output@@IAE_NAAPAUansi_string@?1??type_case_Z@?$output_processor@DV?$string_output_adapter@D@__crt_stdio_output@@V?$positional_parameter_base@DV?$string_output_adapter@D@__crt_stdio_output@@@2@@1@AAE_NXZ@@Z 1001f9b0 f i libucrtd:output.obj
 0001:0001eae0       ??$extract_argument_from_va_list@PAUansi_string@?1??type_case_Z@?$output_processor@DV?$string_output_adapter@D@__crt_stdio_output@@V?$positional_parameter_base@DV?$string_output_adapter@D@__crt_stdio_output@@@2@@__crt_stdio_output@@AAE_NXZ@PAU1?1??234@AAE_NXZ@@?$standard_base@DV?$string_output_adapter@D@__crt_stdio_output@@@__crt_stdio_output@@IAE_NAAPAUansi_string@?1??type_case_Z@?$output_processor@DV?$string_output_adapter@D@__crt_stdio_output@@V?$positional_parameter_base@DV?$string_output_adapter@D@__crt_stdio_output@@@2@@1@AAE_NXZ@@Z 1001fae0 f i libucrtd:output.obj
 0001:0001eb10       ??$extract_argument_from_va_list@PAUansi_string@?1??type_case_Z@?$output_processor@DV?$string_output_adapter@D@__crt_stdio_output@@V?$standard_base@DV?$string_output_adapter@D@__crt_stdio_output@@@2@@__crt_stdio_output@@AAE_NXZ@PAU1?1??234@AAE_NXZ@@?$standard_base@DV?$string_output_adapter@D@__crt_stdio_output@@@__crt_stdio_output@@IAE_NAAPAUansi_string@?1??type_case_Z@?$output_processor@DV?$string_output_adapter@D@__crt_stdio_output@@V?$standard_base@DV?$string_output_adapter@D@__crt_stdio_output@@@2@@1@AAE_NXZ@@Z 1001fb10 f i libucrtd:output.obj
 0001:0001eb40       ??$extract_argument_from_va_list@PAUansi_string@?1??type_case_Z@?$output_processor@_WV?$stream_output_adapter@_W@__crt_stdio_output@@V?$format_validation_base@_WV?$stream_output_adapter@_W@__crt_stdio_output@@@2@@__crt_stdio_output@@AAE_NXZ@PAU1?1??234@AAE_NXZ@@?$standard_base@_WV?$stream_output_adapter@_W@__crt_stdio_output@@@__crt_stdio_output@@IAE_NAAPAUansi_string@?1??type_case_Z@?$output_processor@_WV?$stream_output_adapter@_W@__crt_stdio_output@@V?$format_validation_base@_WV?$stream_output_adapter@_W@__crt_stdio_output@@@2@@1@AAE_NXZ@@Z 1001fb40 f i libucrtd:output.obj
 0001:0001eb70       ??$extract_argument_from_va_list@PAUansi_string@?1??type_case_Z@?$output_processor@_WV?$stream_output_adapter@_W@__crt_stdio_output@@V?$positional_parameter_base@_WV?$stream_output_adapter@_W@__crt_stdio_output@@@2@@__crt_stdio_output@@AAE_NXZ@PAU1?1??234@AAE_NXZ@@?$positional_parameter_base@_WV?$stream_output_adapter@_W@__crt_stdio_output@@@__crt_stdio_output@@IAE_NAAPAUansi_string@?1??type_case_Z@?$output_processor@_WV?$stream_output_adapter@_W@__crt_stdio_output@@V?$positional_parameter_base@_WV?$stream_output_adapter@_W@__crt_stdio_output@@@2@@1@AAE_NXZ@@Z 1001fb70 f i libucrtd:output.obj
 0001:0001eca0       ??$extract_argument_from_va_list@PAUansi_string@?1??type_case_Z@?$output_processor@_WV?$stream_output_adapter@_W@__crt_stdio_output@@V?$positional_parameter_base@_WV?$stream_output_adapter@_W@__crt_stdio_output@@@2@@__crt_stdio_output@@AAE_NXZ@PAU1?1??234@AAE_NXZ@@?$standard_base@_WV?$stream_output_adapter@_W@__crt_stdio_output@@@__crt_stdio_output@@IAE_NAAPAUansi_string@?1??type_case_Z@?$output_processor@_WV?$stream_output_adapter@_W@__crt_stdio_output@@V?$positional_parameter_base@_WV?$stream_output_adapter@_W@__crt_stdio_output@@@2@@1@AAE_NXZ@@Z 1001fca0 f i libucrtd:output.obj
 0001:0001ecd0       ??$extract_argument_from_va_list@PAUansi_string@?1??type_case_Z@?$output_processor@_WV?$stream_output_adapter@_W@__crt_stdio_output@@V?$standard_base@_WV?$stream_output_adapter@_W@__crt_stdio_output@@@2@@__crt_stdio_output@@AAE_NXZ@PAU1?1??234@AAE_NXZ@@?$standard_base@_WV?$stream_output_adapter@_W@__crt_stdio_output@@@__crt_stdio_output@@IAE_NAAPAUansi_string@?1??type_case_Z@?$output_processor@_WV?$stream_output_adapter@_W@__crt_stdio_output@@V?$standard_base@_WV?$stream_output_adapter@_W@__crt_stdio_output@@@2@@1@AAE_NXZ@@Z 1001fcd0 f i libucrtd:output.obj
 0001:0001ed00       ??$extract_argument_from_va_list@PAUansi_string@?1??type_case_Z@?$output_processor@_WV?$string_output_adapter@_W@__crt_stdio_output@@V?$format_validation_base@_WV?$string_output_adapter@_W@__crt_stdio_output@@@2@@__crt_stdio_output@@AAE_NXZ@PAU1?1??234@AAE_NXZ@@?$standard_base@_WV?$string_output_adapter@_W@__crt_stdio_output@@@__crt_stdio_output@@IAE_NAAPAUansi_string@?1??type_case_Z@?$output_processor@_WV?$string_output_adapter@_W@__crt_stdio_output@@V?$format_validation_base@_WV?$string_output_adapter@_W@__crt_stdio_output@@@2@@1@AAE_NXZ@@Z 1001fd00 f i libucrtd:output.obj
 0001:0001ed30       ??$extract_argument_from_va_list@PAUansi_string@?1??type_case_Z@?$output_processor@_WV?$string_output_adapter@_W@__crt_stdio_output@@V?$positional_parameter_base@_WV?$string_output_adapter@_W@__crt_stdio_output@@@2@@__crt_stdio_output@@AAE_NXZ@PAU1?1??234@AAE_NXZ@@?$positional_parameter_base@_WV?$string_output_adapter@_W@__crt_stdio_output@@@__crt_stdio_output@@IAE_NAAPAUansi_string@?1??type_case_Z@?$output_processor@_WV?$string_output_adapter@_W@__crt_stdio_output@@V?$positional_parameter_base@_WV?$string_output_adapter@_W@__crt_stdio_output@@@2@@1@AAE_NXZ@@Z 1001fd30 f i libucrtd:output.obj
 0001:0001ee60       ??$extract_argument_from_va_list@PAUansi_string@?1??type_case_Z@?$output_processor@_WV?$string_output_adapter@_W@__crt_stdio_output@@V?$positional_parameter_base@_WV?$string_output_adapter@_W@__crt_stdio_output@@@2@@__crt_stdio_output@@AAE_NXZ@PAU1?1??234@AAE_NXZ@@?$standard_base@_WV?$string_output_adapter@_W@__crt_stdio_output@@@__crt_stdio_output@@IAE_NAAPAUansi_string@?1??type_case_Z@?$output_processor@_WV?$string_output_adapter@_W@__crt_stdio_output@@V?$positional_parameter_base@_WV?$string_output_adapter@_W@__crt_stdio_output@@@2@@1@AAE_NXZ@@Z 1001fe60 f i libucrtd:output.obj
 0001:0001ee90       ??$extract_argument_from_va_list@PAUansi_string@?1??type_case_Z@?$output_processor@_WV?$string_output_adapter@_W@__crt_stdio_output@@V?$standard_base@_WV?$string_output_adapter@_W@__crt_stdio_output@@@2@@__crt_stdio_output@@AAE_NXZ@PAU1?1??234@AAE_NXZ@@?$standard_base@_WV?$string_output_adapter@_W@__crt_stdio_output@@@__crt_stdio_output@@IAE_NAAPAUansi_string@?1??type_case_Z@?$output_processor@_WV?$string_output_adapter@_W@__crt_stdio_output@@V?$standard_base@_WV?$string_output_adapter@_W@__crt_stdio_output@@@2@@1@AAE_NXZ@@Z 1001fe90 f i libucrtd:output.obj
 0001:0001eec0       ??$extract_argument_from_va_list@PAXPAX@?$positional_parameter_base@DV?$stream_output_adapter@D@__crt_stdio_output@@@__crt_stdio_output@@IAE_NAAPAX@Z 1001fec0 f i libucrtd:output.obj
 0001:0001eff0       ??$extract_argument_from_va_list@PAXPAX@?$positional_parameter_base@DV?$string_output_adapter@D@__crt_stdio_output@@@__crt_stdio_output@@IAE_NAAPAX@Z 1001fff0 f i libucrtd:output.obj
 0001:0001f120       ??$extract_argument_from_va_list@PAXPAX@?$positional_parameter_base@_WV?$stream_output_adapter@_W@__crt_stdio_output@@@__crt_stdio_output@@IAE_NAAPAX@Z 10020120 f i libucrtd:output.obj
 0001:0001f250       ??$extract_argument_from_va_list@PAXPAX@?$positional_parameter_base@_WV?$string_output_adapter@_W@__crt_stdio_output@@@__crt_stdio_output@@IAE_NAAPAX@Z 10020250 f i libucrtd:output.obj
[...]
 0002:0001e4dc       $N00050                    1009a4dc     modbus.exp
 0002:0001e4ed       $N00051                    1009a4ed     modbus.exp
 0002:0001e4ff       $N00052                    1009a4ff     modbus.exp
 0002:0001e50f       $N00053                    1009a50f     modbus.exp
 0002:0001e521       $N00054                    1009a521     modbus.exp
 0002:0001e533       $N00055                    1009a533     modbus.exp
 0002:0001e548       $N00056                    1009a548     modbus.exp
 0002:0001e55d       $N00057                    1009a55d     modbus.exp
 0002:0001e57d       $N00058                    1009a57d     modbus.exp
 0002:0001e58e       $N00059                    1009a58e     modbus.exp
 0002:0001e5a0       $N00060                    1009a5a0     modbus.exp
 0002:0001e5b6       $N00061                    1009a5b6     modbus.exp
 0002:0001e80a       .idata$6                   1009a80a     ws2_32:WS2_32.dll
 0002:0001e8b2       .idata$6                   1009a8b2     kernel32:KERNEL32.dll
 0003:00000000       $SG86823                   1009b000     modbus-data.obj
 0003:00000024       $SG86824                   1009b024     modbus-data.obj
 0003:0000003c       $SG90388                   1009b03c     modbus-rtu.obj
 0003:0000005c       $SG90389                   1009b05c     modbus-rtu.obj
 0003:00000080       $SG90483                   1009b080     modbus-rtu.obj
 0003:00000098       $SG90509                   1009b098     modbus-rtu.obj
 0003:000000d0       $SG90523                   1009b0d0     modbus-rtu.obj
 0003:000000f8       $SG90527                   1009b0f8     modbus-rtu.obj
 0003:0000012c       $SG90552                   1009b12c     modbus-rtu.obj
 0003:00000154       $SG90555                   1009b154     modbus-rtu.obj
 0003:00000184       $SG90558                   1009b184     modbus-rtu.obj
 0003:000001b8       $SG90579                   1009b1b8     modbus-rtu.obj
 0003:000001ec       $SG90592                   1009b1ec     modbus-rtu.obj
 0003:00000224       $SG90602                   1009b224     modbus-rtu.obj
 0003:00000254       $SG90611                   1009b254     modbus-rtu.obj
 0003:00000284       $SG90620                   1009b284     modbus-rtu.obj
 0003:000002b4       $SG90630                   1009b2b4     modbus-rtu.obj
 0003:000002e4       $SG90645                   1009b2e4     modbus-rtu.obj
 0003:00000314       $SG90654                   1009b314     modbus-rtu.obj
 0003:00000344       $SG90666                   1009b344     modbus-rtu.obj
 0003:00000374       $SG90675                   1009b374     modbus-rtu.obj
 0003:000003ac       $SG90677                   1009b3ac     modbus-rtu.obj
 0003:000003e0       $SG90729                   1009b3e0     modbus-rtu.obj
 0003:000003fc       $SG90731                   1009b3fc     modbus-rtu.obj
 0003:00000424       $SG90128                   1009b424     modbus-tcp.obj
 0003:0000043c       $SG90130                   1009b43c     modbus-tcp.obj
 0003:00000460       $SG90156                   1009b460     modbus-tcp.obj
 0003:0000047c       $SG90158                   1009b47c     modbus-tcp.obj
 0003:000004a0       $SG90162                   1009b4a0     modbus-tcp.obj
 0003:000004c0       $SG90164                   1009b4c0     modbus-tcp.obj
 0003:000004e8       $SG89736                   1009b4e8     modbus-tcp.obj
 0003:00000510       $SG89826                   1009b510     modbus-tcp.obj
 0003:00000544       $SG89829                   1009b544     modbus-tcp.obj
 0003:00000574       $SG89897                   1009b574     modbus-tcp.obj
 0003:0000058c       $SG89921                   1009b58c     modbus-tcp.obj
 0003:000005b0       $SG89925                   1009b5b0     modbus-tcp.obj
 0003:000005c8       $SG90020                   1009b5c8     modbus-tcp.obj
 0003:000005cc       $SG90023                   1009b5cc     modbus-tcp.obj
 0003:000005f0       $SG90027                   1009b5f0     modbus-tcp.obj
 0003:000005f8       $SG90030                   1009b5f8     modbus-tcp.obj
 0003:00000604       $SG90033                   1009b604     modbus-tcp.obj
 0003:0000060c       $SG90036                   1009b60c     modbus-tcp.obj
 0003:00000614       $SG90050                   1009b614     modbus-tcp.obj
 0003:00000640       $SG90063                   1009b640     modbus-tcp.obj
 0003:00000664       $SG90096                   1009b664     modbus-tcp.obj
 0003:00000688       $SG90351                   1009b688     modbus.obj
 0003:0000069c       $SG90353                   1009b69c     modbus.obj
 0003:000006b4       $SG90355                   1009b6b4     modbus.obj
 0003:000006c8       $SG90357                   1009b6c8     modbus.obj
 0003:000006e8       $SG90359                   1009b6e8     modbus.obj
 0003:000006f4       $SG90361                   1009b6f4     modbus.obj
 0003:00000714       $SG90363                   1009b714     modbus.obj
 0003:0000072c       $SG90365                   1009b72c     modbus.obj
 0003:00000740       $SG90367                   1009b740     modbus.obj
 0003:0000075c       $SG90369                   1009b75c     modbus.obj
 0003:0000077c       $SG90371                   1009b77c     modbus.obj
 0003:00000788       $SG90373                   1009b788     modbus.obj
 0003:00000798       $SG90375                   1009b798     modbus.obj
 0003:000007b0       $SG90377                   1009b7b0     modbus.obj
 0003:000007c0       $SG90379                   1009b7c0     modbus.obj
 0003:000007e4       $SG90388                   1009b7e4     modbus.obj
 0003:000007f0       $SG90391                   1009b7f0     modbus.obj
 0003:000007f8       $SG90392                   1009b7f8     modbus.obj
 0003:000007fc       $SG90404                   1009b7fc     modbus.obj
 0003:00000810       $SG90441                   1009b810     modbus.obj
 0003:00000818       $SG90442                   1009b818     modbus.obj
 0003:0000081c       $SG90551                   1009b81c     modbus.obj
 0003:0000083c       $SG90552                   1009b83c     modbus.obj
 0003:0000085c       $SG90559                   1009b85c     modbus.obj
 0003:00000864       $SG90566                   1009b864     modbus.obj
 0003:0000086c       $SG90570                   1009b86c     modbus.obj
 0003:00000874       $SG90576                   1009b874     modbus.obj
 0003:00000884       $SG90581                   1009b884     modbus.obj
 0003:00000888       $SG90631                   1009b888     modbus.obj
 0003:000008cc       $SG90641                   1009b8cc     modbus.obj
 0003:00000904       $SG90763                   1009b904     modbus.obj
 0003:00000914       $SG90764                   1009b914     modbus.obj
 0003:00000920       $SG90644                   1009b920     modbus.obj
 0003:00000964       $SG90768                   1009b964     modbus.obj
 0003:0000098c       $SG90772                   1009b98c     modbus.obj
 0003:000009b0       $SG90774                   1009b9b0     modbus.obj
 0003:000009c8       $SG90775                   1009b9c8     modbus.obj
 0003:000009d8       $SG90779                   1009b9d8     modbus.obj
 0003:00000a00       $SG90783                   1009ba00     modbus.obj
 0003:00000a24       $SG90788                   1009ba24     modbus.obj
 0003:00000a50       $SG90792                   1009ba50     modbus.obj
 0003:00000a90       $SG90797                   1009ba90     modbus.obj
 0003:00000ac0       $SG90802                   1009bac0     modbus.obj
 0003:00000af4       $SG90806                   1009baf4     modbus.obj
 0003:00000b20       $SG90811                   1009bb20     modbus.obj
 0003:00000b5c       $SG90815                   1009bb5c     modbus.obj
 0003:00000b8c       $SG90817                   1009bb8c     modbus.obj
 0003:00000b98       $SG90820                   1009bb98     modbus.obj
 0003:00000bb0       $SG90825                   1009bbb0     modbus.obj
 0003:00000be0       $SG90830                   1009bbe0     modbus.obj
 0003:00000c2c       $SG90900                   1009bc2c     modbus.obj
 0003:00000c58       $SG90834                   1009bc58     modbus.obj
 0003:00000cac       $SG90836                   1009bcac     modbus.obj
 0003:00000cd4       $SG90917                   1009bcd4     modbus.obj
 0003:00000d08       $SG90943                   1009bd08     modbus.obj
 0003:00000d38       $SG90961                   1009bd38     modbus.obj
 0003:00000d68       $SG90975                   1009bd68     modbus.obj
 0003:00000d9c       $SG91040                   1009bd9c     modbus.obj
 0003:00000dc4       $SG91067                   1009bdc4     modbus.obj
 0003:00000dfc       $SG91117                   1009bdfc     modbus.obj
 0003:00000e2c       $SG91120                   1009be2c     modbus.obj
 0003:00000e90       ?__vcrt_flsindex@@3KA      1009be90     libvcruntimed:per_thread_data.obj
 0003:00000f58       _errno_no_memory           1009bf58     libucrtd:errno.obj
 0003:00000f5c       _doserrno_no_memory        1009bf5c     libucrtd:errno.obj
 0003:00000f60       ___acrt_current_request_number 1009bf60     libucrtd:debug_heap.obj
 0003:00000fa8       ___acrt_debug_fill_threshold 1009bfa8     libucrtd:debug_fill_threshold.obj
 0003:00000fac       ___acrt_flsindex           1009bfac     libucrtd:per_thread_data.obj
 0003:00000fb0       __ctype_loc_style          1009bfb0     libucrtd:wsetlocale.obj
 0003:00001098       ___rgctypeflag             1009c098     libucrtd:mbctype.obj
 0003:000010a0       ___rgcode_page_info        1009c0a0     libucrtd:mbctype.obj
 0003:000015bc       ?global_msvcrt_heap_handle_cache@?1??__acrt_get_msvcrt_heap_handle@@9@4PAXA 1009c5bc     libucrtd:free_base.obj
 0003:00001640       ?__DAZ_ENABLED@?1??__set_fpsr_sse2@@9@9 1009c640     libucrtd:fpctrl.obj
 0003:00001760       ?init@?1??_RTC_InitBase@@9@4_NA 1009c760     LIBCMTD:_init_.obj
 0003:00001770       _GS_ExceptionRecord        1009c770     LIBCMTD:gs_report.obj
 0003:000017c0       _GS_ContextRecord          1009c7c0     LIBCMTD:gs_report.obj
 0003:00001a8c       ?__proc_attached@@3HA      1009ca8c     LIBCMTD:dll_dllmain.obj
 0003:00001a90       ?_RTC_ErrorReportFunc@@3P6AHHPBDH00ZZA 1009ca90     LIBCMTD:_userapi_.obj
 0003:00001a94       ?_RTC_ErrorReportFuncW@@3P6AHHPB_WH00ZZA 1009ca94     LIBCMTD:_userapi_.obj
 0003:00001a98       ?mspdb@@3PAUHINSTANCE__@@A 1009ca98     LIBCMTD:_pdblkup_.obj
 0003:00001a9c       ?alreadyTried@?1??GetPdbDll@@YAPAUHINSTANCE__@@XZ@4_NA 1009ca9c     LIBCMTD:_pdblkup_.obj
 0003:00001a9d       ?PDBOK@?1??_RTC_GetSrcLine@@YAHPAEPA_WKPAH1K@Z@4_NA 1009ca9d     LIBCMTD:_pdblkup_.obj
 0003:00001aa8       ?module_local_atexit_table@@3U_onexit_table_t@@A 1009caa8     LIBCMTD:utility.obj
 0003:00001ab4       ?module_local_at_quick_exit_table@@3U_onexit_table_t@@A 1009cab4     LIBCMTD:utility.obj
 0003:00001ac0       ?is_initialized_as_dll@@3_NA 1009cac0     LIBCMTD:utility.obj
 0003:00001ae4       ?__vcrt_startup_thread_ptd@@3U__vcrt_ptd@@A 1009cae4     libvcruntimed:per_thread_data.obj
 0003:00001b0c       ___vcrt_lock_table         1009cb0c     libvcruntimed:locks.obj
 0003:00001b24       ___vcrt_locks_initialized  1009cb24     libvcruntimed:locks.obj
 0003:00001b28       ?module_handles@@3PAPAUHINSTANCE__@@A 1009cb28     libvcruntimed:winapi_downlevel.obj
 0003:00001b38       ?encoded_function_pointers@@3PAPAXA 1009cb38     libvcruntimed:winapi_downlevel.obj
 0003:00001b88       ?heap@@3V_HeapManager@@A   1009cb88     libvcruntimed:undname.obj
 0003:00001ba0       ?buf@?1??dbGetString@DName@@QBEPADXZ@4PADA 1009cba0     libvcruntimed:undname.obj
 0003:00001c30       _c_termination_complete    1009cc30     libucrtd:exit.obj
 0003:00001c34       _thread_local_exit_callback_func 1009cc34     libucrtd:exit.obj
 0003:00001c38       ?c_exit_complete@?5??common_exit@@YAXHW4_crt_exit_cleanup_mode@@W4_crt_exit_return_mode@@@Z@4_NA 1009cc38     libucrtd:exit.obj
 0003:00001c40       ?program_name@?5???$common_configure_argv@D@@YAHW4_crt_argv_mode@@@Z@4PADA 1009cc40     libucrtd:argv_parsing.obj
 0003:00001d48       ?program_name@?5???$common_configure_argv@_W@@YAHW4_crt_argv_mode@@@Z@4PA_WA 1009cd48     libucrtd:argv_parsing.obj
 0003:00001f7c       ___acrt_first_block        1009cf7c     libucrtd:debug_heap.obj
 0003:00001f80       ___acrt_last_block         1009cf80     libucrtd:debug_heap.obj
 0003:00001f84       ___acrt_total_allocations  1009cf84     libucrtd:debug_heap.obj
 0003:00001f88       ___acrt_current_allocations 1009cf88     libucrtd:debug_heap.obj
 0003:00001f8c       ___acrt_max_allocations    1009cf8c     libucrtd:debug_heap.obj
 0003:00001f90       ___acrt_check_frequency    1009cf90     libucrtd:debug_heap.obj
 0003:00001f94       ___acrt_check_counter      1009cf94     libucrtd:debug_heap.obj
 0003:00001f9c       _heap_validation_pending   1009cf9c     libucrtd:debug_heap.obj
 0003:00001fa0       ___acrt_invalid_parameter_handler 1009cfa0     libucrtd:invalid_parameter.obj
 0003:00001fa4       ___acrt_app_type           1009cfa4     libucrtd:report_runtime_error.obj
 0003:00001fa8       ?outmsg@?9??__acrt_report_runtime_error@@9@4PA_WA 1009cfa8     libucrtd:report_runtime_error.obj
 0003:000025d0       ___acrt_error_mode         1009d5d0     libucrtd:set_error_mode.obj
 0003:000025d4       _console_ctrl_handler_installed 1009d5d4     libucrtd:signal.obj
 0003:000025d8       _ctrlc_action              1009d5d8     libucrtd:signal.obj
 0003:000025dc       _ctrlbreak_action          1009d5dc     libucrtd:signal.obj
 0003:000025e0       _abort_action              1009d5e0     libucrtd:signal.obj
 0003:000025e4       _term_action               1009d5e4     libucrtd:signal.obj
 0003:000025e8       _module_handles            1009d5e8     libucrtd:winapi_thunks.obj
 0003:00002638       _encoded_function_pointers 1009d638     libucrtd:winapi_thunks.obj
 0003:000026b8       ?static_enum_proc@?1??enum_system_locales_ex_nolock@@YAHQ6GHPA_WKJ@Z@Z@4P6GH0KJ@ZA 1009d6b8     libucrtd:winapi_thunks.obj
 0003:000026bc       ?state_cache@?1??__acrt_is_packaged_app@@9@4JA 1009d6bc     libucrtd:winapi_thunks.obj
 0003:000028c4       _enable_percent_n          1009d8c4     libucrtd:printf_count_output.obj
 0003:000028e8       ___acrt_lock_table         1009d8e8     libucrtd:locks.obj
 0003:00002a20       ___acrt_locks_initialized  1009da20     libucrtd:locks.obj
 0003:00002a38       _fSystemSet                1009da38     libucrtd:mbctype.obj
 0003:00002a40       ?initialized@?1??__acrt_initialize_multibyte@@9@4_NA 1009da40     libucrtd:mbctype.obj
 0003:00002a64       ___acrt_new_handler        1009da64     libucrtd:new_handler.obj
 0003:00002a68       _user_matherr              1009da68     libucrtd:matherr.obj
 0003:00002a6c       ___acrt_global_new_mode    1009da6c     libucrtd:new_mode.obj
 0003:00002a7c       __pmatherr_set             1009da7c     libucrtd:libm_error.obj
 0004:00000000       __guard_fids____dcrt_uninitialize_environments_nolock 1009e000     libucrtd:environment_initialization.obj
 0004:00000008       __guard_fids__             1009e008     libucrtd:initialization.obj
 0004:00000068       __guard_fids_?get_terminate_or_default@@YAP6AXXZQBU__acrt_ptd@@@Z 1009e068     libucrtd:terminate.obj
 0004:0000006c       __guard_fids_??$common_show_message_box@D@@YAHQBD0I@Z 1009e06c     libucrtd:crtmbox.obj
 0004:00000070       __guard_fids_??$common_show_message_box@_W@@YAHQB_W0I@Z 1009e070     libucrtd:crtmbox.obj
 0004:00000074       __guard_fids__signal       1009e074     libucrtd:signal.obj
 0004:00000078       __guard_fids__             1009e078     libucrtd:stdio_initializer.obj
 0004:0000007c       __guard_fids__             1009e07c     libucrtd:stdio_initializer.obj
 0004:00000080       __guard_fids_??B<lambda_5a01b672d24c8480ee9d6bdb50dd3881>@@QBEP6GHPA_W@ZXZ 1009e080     libucrtd:winapi_thunks.obj
 0004:00000084       __guard_fids____acrt_initialize_ptd 1009e084     libucrtd:per_thread_data.obj
 0004:00000088       __guard_fids__             1009e088     libucrtd:wsetlocale.obj
 0004:000000a0       __guard_fids_??B<lambda_44bb73bbef6fb157e8b5a36d72f75f86>@@QBEP6AHPBX0@ZXZ 1009e0a0     libucrtd:argv_wildcards.obj
 0004:000000a4       __guard_fids_??B<lambda_0d0802f125cf2a7db435cb2ddf42441c>@@QBEP6AHPBX0@ZXZ 1009e0a4     libucrtd:argv_wildcards.obj
 0004:000000a8       __guard_fids__             1009e0a8     libucrtd:debug_heap_hook.obj
 0004:000000ac       __guard_fids__             1009e0ac     libucrtd:locale_initializer.obj
 0004:000000b0       __guard_fids__GetLocaleNameFromLangCountry 1009e0b0     libucrtd:get_qualified_locale.obj
 0004:000000b4       __guard_fids__GetLocaleNameFromLanguage 1009e0b4     libucrtd:get_qualified_locale.obj
 0004:000000b8       __guard_fids__GetLcidFromLangCountry 1009e0b8     libucrtd:getqloc_downlevel.obj
 0004:000000bc       __guard_fids__GetLcidFromLanguage 1009e0bc     libucrtd:getqloc_downlevel.obj
 0004:000000c0       __guard_fids__GetLcidFromCountry 1009e0c0     libucrtd:getqloc_downlevel.obj
 0004:000000c4       __guard_fids__             1009e0c4     libucrtd:multibyte_initializer.obj
 0004:000000c8       __guard_fids____libm_error_support 1009e0c8     libucrtd:libm_error.obj
 0004:000000cc       __guard_fids__             1009e0cc     libucrtd:console_output_initializer.obj
 0004:000000d0       __guard_fids__             1009e0d0     libucrtd:sse2_initializer.obj
 0004:000000d4       __guard_fids___CRT_RTC_INIT 1009e0d4     LIBCMTD:_init_.obj
 0004:000000d8       __guard_fids___CRT_RTC_INITW 1009e0d8     LIBCMTD:_init_.obj
 0004:000000dc       __guard_fids_?dllmain_crt_process_attach@@YAHQAUHINSTANCE__@@QAX@Z 1009e0dc     LIBCMTD:dll_dllmain.obj
 0004:000000e4       __guard_fids_?dllmain_dispatch@@YAHQAUHINSTANCE__@@KQAX@Z 1009e0e4     LIBCMTD:dll_dllmain.obj
 0004:000000e8       __guard_fids____scrt_set_unhandled_exception_filter 1009e0e8     LIBCMTD:utility_desktop.obj
 0004:000000ec       __guard_fids__             1009e0ec     LIBCMTD:guard_support.obj
 0004:000000f0       __guard_fids___guard_icall_checks_enforced 1009e0f0     LIBCMTD:guard_support.obj
 0004:000000f4       __guard_fids_??B<lambda_898920cacc91e508364b5fd76d256868>@@QBEP6APAXI@ZXZ 1009e0f4     libvcruntimed:std_type_info.obj
 0004:000000f8       __guard_fids_??B<lambda_998df822d83bde51c0affd9febd79072>@@QBEP6AXQAX@ZXZ 1009e0f8     libvcruntimed:std_type_info.obj
 0004:000000fc       __guard_fids____vcrt_initialize_ptd 1009e0fc     libvcruntimed:per_thread_data.obj
 0004:00000100       __guard_fids__             1009e100     libvcruntimed:undname.obj
 0004:0000010c       __guard_fids__             1009e10c     libvcruntimed:undname.obj
 0004:00000118       __guard_fids__             1009e118     libvcruntimed:undname.obj
 0004:00000124       __guard_fids__             1009e124     libvcruntimed:undname.obj
 0004:00000130       __guard_fids__             1009e130     libvcruntimed:undname.obj
 0004:0000013c       __guard_fids__             1009e13c     libvcruntimed:undname.obj
 0004:00000148       __guard_fids__             1009e148     LIBCMTD:std_type_info_static.obj
 0004:0000014c       __guard_fids__             1009e14c     libvcruntimed:frame.obj
 0004:00000150       __guard_fids__             1009e150     libvcruntimed:frame.obj
 0004:00000158       __guard_fids__             1009e158     libvcruntimed:frame.obj
 0004:00000160       __guard_fids__             1009e160     libvcruntimed:frame.obj
 0004:00000164       __guard_fids__             1009e164     libvcruntimed:frame.obj
 0004:00000168       __guard_fids__             1009e168     libvcruntimed:frame.obj
 0004:0000016c       __guard_fids_?get_unexpected_or_default@@YAP6AXXZQBU__vcrt_ptd@@@Z 1009e16c     libvcruntimed:unexpected.obj
 0005:000000a0       $R000000                   1009f0a0     modbus.res
 0005:00000310       $R000270                   1009f310     modbus.res
